Archive member included to satisfy reference by file (symbol)

C:/ST/STM32CubeIDE_1.19.0/STM32CubeIDE/plugins/com.st.stm32cube.ide.mcu.externaltools.gnu-tools-for-stm32.13.3.rel1.win32_1.0.100.202509120712/tools/bin/../lib/gcc/arm-none-eabi/13.3.1/../../../../arm-none-eabi/lib/thumb/v7e-m+fp/hard\libc_nano.a(libc_a-assert.o)
                              ./Libs/lz4/Src/lz4.o (__assert_func)
C:/ST/STM32CubeIDE_1.19.0/STM32CubeIDE/plugins/com.st.stm32cube.ide.mcu.externaltools.gnu-tools-for-stm32.13.3.rel1.win32_1.0.100.202509120712/tools/bin/../lib/gcc/arm-none-eabi/13.3.1/../../../../arm-none-eabi/lib/thumb/v7e-m+fp/hard\libc_nano.a(libc_a-calloc.o)
                              ./Libs/lz4/Src/lz4.o (calloc)
C:/ST/STM32CubeIDE_1.19.0/STM32CubeIDE/plugins/com.st.stm32cube.ide.mcu.externaltools.gnu-tools-for-stm32.13.3.rel1.win32_1.0.100.202509120712/tools/bin/../lib/gcc/arm-none-eabi/13.3.1/../../../../arm-none-eabi/lib/thumb/v7e-m+fp/hard\libc_nano.a(libc_a-callocr.o)
                              C:/ST/STM32CubeIDE_1.19.0/STM32CubeIDE/plugins/com.st.stm32cube.ide.mcu.externaltools.gnu-tools-for-stm32.13.3.rel1.win32_1.0.100.202509120712/tools/bin/../lib/gcc/arm-none-eabi/13.3.1/../../../../arm-none-eabi/lib/thumb/v7e-m+fp/hard\libc_nano.a(libc_a-calloc.o) (_calloc_r)
C:/ST/STM32CubeIDE_1.19.0/STM32CubeIDE/plugins/com.st.stm32cube.ide.mcu.externaltools.gnu-tools-for-stm32.13.3.rel1.win32_1.0.100.202509120712/tools/bin/../lib/gcc/arm-none-eabi/13.3.1/../../../../arm-none-eabi/lib/thumb/v7e-m+fp/hard\libc_nano.a(libc_a-exit.o)
                              C:/ST/STM32CubeIDE_1.19.0/STM32CubeIDE/plugins/com.st.stm32cube.ide.mcu.externaltools.gnu-tools-for-stm32.13.3.rel1.win32_1.0.100.202509120712/tools/bin/../lib/gcc/arm-none-eabi/13.3.1/../../../../arm-none-eabi/lib/thumb/v7e-m+fp/hard/crt0.o (exit)
C:/ST/STM32CubeIDE_1.19.0/STM32CubeIDE/plugins/com.st.stm32cube.ide.mcu.externaltools.gnu-tools-for-stm32.13.3.rel1.win32_1.0.100.202509120712/tools/bin/../lib/gcc/arm-none-eabi/13.3.1/../../../../arm-none-eabi/lib/thumb/v7e-m+fp/hard\libc_nano.a(libc_a-malloc.o)
                              ./Libs/lz4/Src/lz4.o (malloc)
C:/ST/STM32CubeIDE_1.19.0/STM32CubeIDE/plugins/com.st.stm32cube.ide.mcu.externaltools.gnu-tools-for-stm32.13.3.rel1.win32_1.0.100.202509120712/tools/bin/../lib/gcc/arm-none-eabi/13.3.1/../../../../arm-none-eabi/lib/thumb/v7e-m+fp/hard\libc_nano.a(libc_a-mallocr.o)
                              C:/ST/STM32CubeIDE_1.19.0/STM32CubeIDE/plugins/com.st.stm32cube.ide.mcu.externaltools.gnu-tools-for-stm32.13.3.rel1.win32_1.0.100.202509120712/tools/bin/../lib/gcc/arm-none-eabi/13.3.1/../../../../arm-none-eabi/lib/thumb/v7e-m+fp/hard\libc_nano.a(libc_a-callocr.o) (_malloc_r)
C:/ST/STM32CubeIDE_1.19.0/STM32CubeIDE/plugins/com.st.stm32cube.ide.mcu.externaltools.gnu-tools-for-stm32.13.3.rel1.win32_1.0.100.202509120712/tools/bin/../lib/gcc/arm-none-eabi/13.3.1/../../../../arm-none-eabi/lib/thumb/v7e-m+fp/hard\libc_nano.a(libc_a-mlock.o)
                              C:/ST/STM32CubeIDE_1.19.0/STM32CubeIDE/plugins/com.st.stm32cube.ide.mcu.externaltools.gnu-tools-for-stm32.13.3.rel1.win32_1.0.100.202509120712/tools/bin/../lib/gcc/arm-none-eabi/13.3.1/../../../../arm-none-eabi/lib/thumb/v7e-m+fp/hard\libc_nano.a(libc_a-mallocr.o) (__malloc_lock)
C:/ST/STM32CubeIDE_1.19.0/STM32CubeIDE/plugins/com.st.stm32cube.ide.mcu.externaltools.gnu-tools-for-stm32.13.3.rel1.win32_1.0.100.202509120712/tools/bin/../lib/gcc/arm-none-eabi/13.3.1/../../../../arm-none-eabi/lib/thumb/v7e-m+fp/hard\libc_nano.a(libc_a-findfp.o)
                              C:/ST/STM32CubeIDE_1.19.0/STM32CubeIDE/plugins/com.st.stm32cube.ide.mcu.externaltools.gnu-tools-for-stm32.13.3.rel1.win32_1.0.100.202509120712/tools/bin/../lib/gcc/arm-none-eabi/13.3.1/../../../../arm-none-eabi/lib/thumb/v7e-m+fp/hard\libc_nano.a(libc_a-exit.o) (__stdio_exit_handler)
C:/ST/STM32CubeIDE_1.19.0/STM32CubeIDE/plugins/com.st.stm32cube.ide.mcu.externaltools.gnu-tools-for-stm32.13.3.rel1.win32_1.0.100.202509120712/tools/bin/../lib/gcc/arm-none-eabi/13.3.1/../../../../arm-none-eabi/lib/thumb/v7e-m+fp/hard\libc_nano.a(libc_a-fprintf.o)
                              C:/ST/STM32CubeIDE_1.19.0/STM32CubeIDE/plugins/com.st.stm32cube.ide.mcu.externaltools.gnu-tools-for-stm32.13.3.rel1.win32_1.0.100.202509120712/tools/bin/../lib/gcc/arm-none-eabi/13.3.1/../../../../arm-none-eabi/lib/thumb/v7e-m+fp/hard\libc_nano.a(libc_a-assert.o) (fiprintf)
C:/ST/STM32CubeIDE_1.19.0/STM32CubeIDE/plugins/com.st.stm32cube.ide.mcu.externaltools.gnu-tools-for-stm32.13.3.rel1.win32_1.0.100.202509120712/tools/bin/../lib/gcc/arm-none-eabi/13.3.1/../../../../arm-none-eabi/lib/thumb/v7e-m+fp/hard\libc_nano.a(libc_a-fwalk.o)
[...]
Memory Configuration

Name             Origin             Length             Attributes
RAM              0x20000000         0x00050000         xrw
FLASH            0x08000000         0x00010000         xr
*default*        0x00000000         0xffffffff

Linker script and memory map

LOAD C:/ST/STM32CubeIDE_1.19.0/STM32CubeIDE/plugins/com.st.stm32cube.ide.mcu.externaltools.gnu-tools-for-stm32.13.3.rel1.win32_1.0.100.202509120712/tools/bin/../lib/gcc/arm-none-eabi/13.3.1/thumb/v7e-m+fp/hard/crti.o
LOAD C:/ST/STM32CubeIDE_1.19.0/STM32CubeIDE/plugins/com.st.stm32cube.ide.mcu.externaltools.gnu-tools-for-stm32.13.3.rel1.win32_1.0.100.202509120712/tools/bin/../lib/gcc/arm-none-eabi/13.3.1/thumb/v7e-m+fp/hard/crtbegin.o
LOAD C:/ST/STM32CubeIDE_1.19.0/STM32CubeIDE/plugins/com.st.stm32cube.ide.mcu.externaltools.gnu-tools-for-stm32.13.3.rel1.win32_1.0.100.202509120712/tools/bin/../lib/gcc/arm-none-eabi/13.3.1/../../../../arm-none-eabi/lib/thumb/v7e-m+fp/hard/crt0.o
LOAD ./Core/Src/BL_Functions.o
LOAD ./Core/Src/Cyptology_Control.o
LOAD ./Core/Src/flash_driver_stm32f7.o
LOAD ./Core/Src/jump_to_app.o
LOAD ./Core/Src/keys.o
LOAD ./Core/Src/main.o
LOAD ./Core/Src/stm32f7xx_hal_msp.o
LOAD ./Core/Src/stm32f7xx_it.o
LOAD ./Core/Src/syscalls.o
LOAD ./Core/Src/sysmem.o
LOAD ./Core/Src/system_stm32f7xx.o
LOAD ./Core/Src/tiny_printf.o
LOAD ./Core/Startup/startup_stm32f746nghx.o
LOAD ./Drivers/STM32F7xx_HAL_Driver/Src/stm32f7xx_hal.o
LOAD ./Drivers/STM32F7xx_HAL_Driver/Src/stm32f7xx_hal_cortex.o
LOAD ./Drivers/STM32F7xx_HAL_Driver/Src/stm32f7xx_hal_dma.o
LOAD ./Drivers/STM32F7xx_HAL_Driver/Src/stm32f7xx_hal_dma_ex.o
LOAD ./Drivers/STM32F7xx_HAL_Driver/Src/stm32f7xx_hal_exti.o
LOAD ./Drivers/STM32F7xx_HAL_Driver/Src/stm32f7xx_hal_flash.o
LOAD ./Drivers/STM32F7xx_HAL_Driver/Src/stm32f7xx_hal_flash_ex.o
LOAD ./Drivers/STM32F7xx_HAL_Driver/Src/stm32f7xx_hal_gpio.o
LOAD ./Drivers/STM32F7xx_HAL_Driver/Src/stm32f7xx_hal_i2c.o
LOAD ./Drivers/STM32F7xx_HAL_Driver/Src/stm32f7xx_hal_i2c_ex.o
LOAD ./Drivers/STM32F7xx_HAL_Driver/Src/stm32f7xx_hal_pwr.o
LOAD ./Drivers/STM32F7xx_HAL_Driver/Src/stm32f7xx_hal_pwr_ex.o
LOAD ./Drivers/STM32F7xx_HAL_Driver/Src/stm32f7xx_hal_rcc.o
LOAD ./Drivers/STM32F7xx_HAL_Driver/Src/stm32f7xx_hal_rcc_ex.o
LOAD ./Drivers/STM32F7xx_HAL_Driver/Src/stm32f7xx_hal_uart.o
LOAD ./Drivers/STM32F7xx_HAL_Driver/Src/stm32f7xx_hal_uart_ex.o
LOAD ./Libs/lz4/Src/lz4.o
LOAD ./Libs/tinycrypt/Src/aes_decrypt.o
LOAD ./Libs/tinycrypt/Src/aes_encrypt.o
LOAD ./Libs/tinycrypt/Src/cbc_mode.o
LOAD ./Libs/tinycrypt/Src/ecc.o
LOAD ./Libs/tinycrypt/Src/ecc_dsa.o
LOAD ./Libs/tinycrypt/Src/ecc_platform_specific.o
LOAD ./Libs/tinycrypt/Src/sha256.o
LOAD ./Libs/tinycrypt/Src/utils.o
START GROUP
LOAD C:/ST/STM32CubeIDE_1.19.0/STM32CubeIDE/plugins/com.st.stm32cube.ide.mcu.externaltools.gnu-tools-for-stm32.13.3.rel1.win32_1.0.100.202509120712/tools/bin/../lib/gcc/arm-none-eabi/13.3.1/../../../../arm-none-eabi/lib/thumb/v7e-m+fp/hard\libc_nano.a
LOAD C:/ST/STM32CubeIDE_1.19.0/STM32CubeIDE/plugins/com.st.stm32cube.ide.mcu.externaltools.gnu-tools-for-stm32.13.3.rel1.win32_1.0.100.202509120712/tools/bin/../lib/gcc/arm-none-eabi/13.3.1/../../../../arm-none-eabi/lib/thumb/v7e-m+fp/hard\libm.a
END GROUP
START GROUP
LOAD C:/ST/STM32CubeIDE_1.19.0/STM32CubeIDE/plugins/com.st.stm32cube.ide.mcu.externaltools.gnu-tools-for-stm32.13.3.rel1.win32_1.0.100.202509120712/tools/bin/../lib/gcc/arm-none-eabi/13.3.1/thumb/v7e-m+fp/hard\libgcc.a
LOAD C:/ST/STM32CubeIDE_1.19.0/STM32CubeIDE/plugins/com.st.stm32cube.ide.mcu.externaltools.gnu-tools-for-stm32.13.3.rel1.win32_1.0.100.202509120712/tools/bin/../lib/gcc/arm-none-eabi/13.3.1/../../../../arm-none-eabi/lib/thumb/v7e-m+fp/hard\libc_nano.a
END GROUP
START GROUP
LOAD C:/ST/STM32CubeIDE_1.19.0/STM32CubeIDE/plugins/com.st.stm32cube.ide.mcu.externaltools.gnu-tools-for-stm32.13.3.rel1.win32_1.0.100.202509120712/tools/bin/../lib/gcc/arm-none-eabi/13.3.1/thumb/v7e-m+fp/hard\libgcc.a
LOAD C:/ST/STM32CubeIDE_1.19.0/STM32CubeIDE/plugins/com.st.stm32cube.ide.mcu.externaltools.gnu-tools-for-stm32.13.3.rel1.win32_1.0.100.202509120712/tools/bin/../lib/gcc/arm-none-eabi/13.3.1/../../../../arm-none-eabi/lib/thumb/v7e-m+fp/hard\libc_nano.a
LOAD C:/ST/STM32CubeIDE_1.19.0/STM32CubeIDE/plugins/com.st.stm32cube.ide.mcu.externaltools.gnu-tools-for-stm32.13.3.rel1.win32_1.0.100.202509120712/tools/bin/../lib/gcc/arm-none-eabi/13.3.1/../../../../arm-none-eabi/lib/thumb/v7e-m+fp/hard\libnosys.a
END GROUP
START GROUP
LOAD C:/ST/STM32CubeIDE_1.19.0/STM32CubeIDE/plugins/com.st.stm32cube.ide.mcu.externaltools.gnu-tools-for-stm32.13.3.rel1.win32_1.0.100.202509120712/tools/bin/../lib/gcc/arm-none-eabi/13.3.1/thumb/v7e-m+fp/hard\libgcc.a
LOAD C:/ST/STM32CubeIDE_1.19.0/STM32CubeIDE/plugins/com.st.stm32cube.ide.mcu.externaltools.gnu-tools-for-stm32.13.3.rel1.win32_1.0.100.202509120712/tools/bin/../lib/gcc/arm-none-eabi/13.3.1/../../../../arm-none-eabi/lib/thumb/v7e-m+fp/hard\libc_nano.a
LOAD C:/ST/STM32CubeIDE_1.19.0/STM32CubeIDE/plugins/com.st.stm32cube.ide.mcu.externaltools.gnu-tools-for-stm32.13.3.rel1.win32_1.0.100.202509120712/tools/bin/../lib/gcc/arm-none-eabi/13.3.1/../../../../arm-none-eabi/lib/thumb/v7e-m+fp/hard\libnosys.a
END GROUP
LOAD C:/ST/STM32CubeIDE_1.19.0/STM32CubeIDE/plugins/com.st.stm32cube.ide.mcu.externaltools.gnu-tools-for-stm32.13.3.rel1.win32_1.0.100.202509120712/tools/bin/../lib/gcc/arm-none-eabi/13.3.1/thumb/v7e-m+fp/hard/crtend.o
LOAD C:/ST/STM32CubeIDE_1.19.0/STM32CubeIDE/plugins/com.st.stm32cube.ide.mcu.externaltools.gnu-tools-for-stm32.13.3.rel1.win32_1.0.100.202509120712/tools/bin/../lib/gcc/arm-none-eabi/13.3.1/thumb/v7e-m+fp/hard/crtn.o
                0x20050000                        _estack = (ORIGIN (RAM) + LENGTH (RAM))
                0x00000200                        _Min_Heap_Size = 0x200
                0x00000400                        _Min_Stack_Size = 0x400

.isr_vector     0x08000000      0x1c8
                0x08000000                        . = ALIGN (0x4)
 *(.isr_vector)
 .isr_vector    0x08000000      0x1c8 ./Core/Startup/startup_stm32f746nghx.o
                0x08000000                g_pfnVectors
                0x080001c8                        . = ALIGN (0x4)

.text           0x080001c8     0x6ee8
                0x080001c8                        . = ALIGN (0x4)
 *(.text)
 .text          0x080001c8       0x40 C:/ST/STM32CubeIDE_1.19.0/STM32CubeIDE/plugins/com.st.stm32cube.ide.mcu.externaltools.gnu-tools-for-stm32.13.3.rel1.win32_1.0.100.202509120712/tools/bin/../lib/gcc/arm-none-eabi/13.3.1/thumb/v7e-m+fp/hard/crtbegin.o
 .text          0x08000208       0x30 C:/ST/STM32CubeIDE_1.19.0/STM32CubeIDE/plugins/com.st.stm32cube.ide.mcu.externaltools.gnu-tools-for-stm32.13.3.rel1.win32_1.0.100.202509120712/tools/bin/../lib/gcc/arm-none-eabi/13.3.1/thumb/v7e-m+fp/hard\libgcc.a(_aeabi_uldivmod.o)
                0x08000208                __aeabi_uldivmod
 .text          0x08000238      0x2f8 C:/ST/STM32CubeIDE_1.19.0/STM32CubeIDE/plugins/com.st.stm32cube.ide.mcu.externaltools.gnu-tools-for-stm32.13.3.rel1.win32_1.0.100.202509120712/tools/bin/../lib/gcc/arm-none-eabi/13.3.1/thumb/v7e-m+fp/hard\libgcc.a(_udivmoddi4.o)
                0x08000238                __udivmoddi4
 .text          0x08000530        0x4 C:/ST/STM32CubeIDE_1.19.0/STM32CubeIDE/plugins/com.st.stm32cube.ide.mcu.externaltools.gnu-tools-for-stm32.13.3.rel1.win32_1.0.100.202509120712/tools/bin/../lib/gcc/arm-none-eabi/13.3.1/thumb/v7e-m+fp/hard\libgcc.a(_dvmd_tls.o)
                0x08000530                __aeabi_idiv0
                0x08000530                __aeabi_ldiv0
 *(.text*)
 .text.__NVIC_SystemReset
                0x08000534       0x2c ./Core/Src/BL_Functions.o
 .text.BL_ReadConfig
                0x08000560       0x44 ./Core/Src/BL_Functions.o
                0x08000560                BL_ReadConfig
 .text.BL_WriteConfig
                0x080005a4       0x3c ./Core/Src/BL_Functions.o
                0x080005a4                BL_WriteConfig
 .text.BL_Raw_Copy
                0x080005e0       0x7c ./Core/Src/BL_Functions.o
 .text.BL_Decrypt_Update_Image
                0x0800065c      0x150 ./Core/Src/BL_Functions.o
 .text.BL_Encrypt_Backup
                0x080007ac      0x110 ./Core/Src/BL_Functions.o
 .text.BL_Decrypt_Backup_Image
                0x080008bc       0xc4 ./Core/Src/BL_Functions.o
 .text.BL_Swap_NoBuffer
                0x08000980      0x184 ./Core/Src/BL_Functions.o
                0x08000980                BL_Swap_NoBuffer
 .text.BL_Rollback
                0x08000b04      0x110 ./Core/Src/BL_Functions.o
                0x08000b04                BL_Rollback
 .text.Find_Footer_Address
                0x08000c14       0x58 ./Core/Src/Cyptology_Control.o
                0x08000c14                Find_Footer_Address
 .text.Firmware_Is_Valid
                0x08000c6c       0xb8 ./Core/Src/Cyptology_Control.o
                0x08000c6c                Firmware_Is_Valid
 .text.GetSector
                0x08000d24       0x78 ./Core/Src/flash_driver_stm32f7.o
 .text.Flash_Interface_Lock
                0x08000d9c       0x18 ./Core/Src/flash_driver_stm32f7.o
                0x08000d9c                Flash_Interface_Lock
 .text.Flash_Interface_Unlock
                0x08000db4       0x18 ./Core/Src/flash_driver_stm32f7.o
                0x08000db4                Flash_Interface_Unlock
 .text.Flash_Interface_Erase
                0x08000dcc       0x74 ./Core/Src/flash_driver_stm32f7.o
                0x08000dcc                Flash_Interface_Erase
 .text.Flash_Interface_Write
                0x08000e40       0x6a ./Core/Src/flash_driver_stm32f7.o
                0x08000e40                Flash_Interface_Write
 *fill*         0x08000eaa        0x2 
 .text.Bootloader_JumpToApp
                0x08000eac       0xa4 ./Core/Src/jump_to_app.o
                0x08000eac                Bootloader_JumpToApp
 .text.main     0x08000f50      0x1d8 ./Core/Src/main.o
                0x08000f50                main
 .text.SystemClock_Config
                0x08001128       0xd0 ./Core/Src/main.o
                0x08001128                SystemClock_Config
 .text.MX_USART1_UART_Init
                0x080011f8       0x60 ./Core/Src/main.o
 .text.MX_GPIO_Init
                0x08001258       0xb0 ./Core/Src/main.o
 .text.MPU_Config
                0x08001308       0x80 ./Core/Src/main.o
 .text.Error_Handler
                0x08001388        0xc ./Core/Src/main.o
                0x08001388                Error_Handler
 .text.HAL_MspInit
                0x08001394       0x48 ./Core/Src/stm32f7xx_hal_msp.o
                0x08001394                HAL_MspInit
 .text.HAL_UART_MspInit
                0x080013dc      0x104 ./Core/Src/stm32f7xx_hal_msp.o
                0x080013dc                HAL_UART_MspInit
 .text.NMI_Handler
                0x080014e0        0x8 ./Core/Src/stm32f7xx_it.o
                0x080014e0                NMI_Handler
 .text.HardFault_Handler
                0x080014e8        0x8 ./Core/Src/stm32f7xx_it.o
                0x080014e8                HardFault_Handler
 .text.MemManage_Handler
                0x080014f0        0x8 ./Core/Src/stm32f7xx_it.o
                0x080014f0                MemManage_Handler
 .text.BusFault_Handler
                0x080014f8        0x8 ./Core/Src/stm32f7xx_it.o
                0x080014f8                BusFault_Handler
 .text.UsageFault_Handler
                0x08001500        0x8 ./Core/Src/stm32f7xx_it.o
                0x08001500                UsageFault_Handler
 .text.SVC_Handler
                0x08001508        0xe ./Core/Src/stm32f7xx_it.o
                0x08001508                SVC_Handler
 .text.DebugMon_Handler
                0x08001516        0xe ./Core/Src/stm32f7xx_it.o
                0x08001516                DebugMon_Handler
 .text.PendSV_Handler
                0x08001524        0xe ./Core/Src/stm32f7xx_it.o
                0x08001524                PendSV_Handler
 .text.SysTick_Handler
                0x08001532        0xc ./Core/Src/stm32f7xx_it.o
                0x08001532                SysTick_Handler
 *fill*         0x0800153e        0x2 
 .text.SystemInit
                0x08001540       0x24 ./Core/Src/system_stm32f7xx.o
                0x08001540                SystemInit
 .text.tfp_init
                0x08001564       0x20 ./Core/Src/tiny_printf.o
                0x08001564                tfp_init
 .text._tfp_putc
                0x08001584       0x2c ./Core/Src/tiny_printf.o
 .text._tfp_puts
                0x080015b0       0x2a ./Core/Src/tiny_printf.o
 *fill*         0x080015da        0x2 
 .text._tfp_print_unsigned
                0x080015dc       0x88 ./Core/Src/tiny_printf.o
 .text._tfp_print_signed
                0x08001664       0x2c ./Core/Src/tiny_printf.o
 .text.tfp_printf
                0x08001690      0x174 ./Core/Src/tiny_printf.o
                0x08001690                tfp_printf
 .text.Reset_Handler
                0x08001804       0x50 ./Core/Startup/startup_stm32f746nghx.o
                0x08001804                Reset_Handler
 .text.Default_Handler
                0x08001854        0x2 ./Core/Startup/startup_stm32f746nghx.o
                0x08001854                RTC_Alarm_IRQHandler
                0x08001854                EXTI2_IRQHandler
                0x08001854                TIM8_CC_IRQHandler
                0x08001854                UART8_IRQHandler
                0x08001854                SPI4_IRQHandler
                0x08001854                TIM1_CC_IRQHandler
                0x08001854                DMA2_Stream5_IRQHandler
                0x08001854                DMA1_Stream5_IRQHandler
                0x08001854                PVD_IRQHandler
                0x08001854                TAMP_STAMP_IRQHandler
                0x08001854                CAN2_RX1_IRQHandler
                0x08001854                EXTI3_IRQHandler
                0x08001854                TIM8_TRG_COM_TIM14_IRQHandler
                0x08001854                TIM1_UP_TIM10_IRQHandler
                0x08001854                TIM8_UP_TIM13_IRQHandler
                0x08001854                I2C3_ER_IRQHandler
                0x08001854                EXTI0_IRQHandler
                0x08001854                I2C2_EV_IRQHandler
                0x08001854                DMA1_Stream2_IRQHandler
                0x08001854                CAN1_RX0_IRQHandler
                0x08001854                FPU_IRQHandler
                0x08001854                OTG_HS_WKUP_IRQHandler
                0x08001854                LTDC_ER_IRQHandler
                0x08001854                CAN2_SCE_IRQHandler
                0x08001854                DMA2_Stream2_IRQHandler
                0x08001854                SPI1_IRQHandler
                0x08001854                TIM6_DAC_IRQHandler
                0x08001854                TIM1_BRK_TIM9_IRQHandler
                0x08001854                DCMI_IRQHandler
                0x08001854                CAN2_RX0_IRQHandler
                0x08001854                DMA2_Stream3_IRQHandler
                0x08001854                SAI2_IRQHandler
                0x08001854                USART6_IRQHandler
                0x08001854                USART3_IRQHandler
                0x08001854                CAN1_RX1_IRQHandler
                0x08001854                UART5_IRQHandler
                0x08001854                DMA2_Stream0_IRQHandler
                0x08001854                TIM4_IRQHandler
                0x08001854                QUADSPI_IRQHandler
                0x08001854                I2C1_EV_IRQHandler
                0x08001854                DMA1_Stream6_IRQHandler
                0x08001854                DMA1_Stream1_IRQHandler
                0x08001854                UART4_IRQHandler
                0x08001854                TIM3_IRQHandler
                0x08001854                RCC_IRQHandler
                0x08001854                TIM8_BRK_TIM12_IRQHandler
                0x08001854                Default_Handler
                0x08001854                CEC_IRQHandler
                0x08001854                EXTI15_10_IRQHandler
                0x08001854                ADC_IRQHandler
                0x08001854                DMA1_Stream7_IRQHandler
                0x08001854                SPI5_IRQHandler
                0x08001854                TIM7_IRQHandler
                0x08001854                SDMMC1_IRQHandler
                0x08001854                CAN2_TX_IRQHandler
                0x08001854                TIM5_IRQHandler
                0x08001854                DMA2_Stream7_IRQHandler
                0x08001854                I2C3_EV_IRQHandler
                0x08001854                EXTI9_5_IRQHandler
                0x08001854                RTC_WKUP_IRQHandler
                0x08001854                LTDC_IRQHandler
                0x08001854                ETH_WKUP_IRQHandler
                0x08001854                SPDIF_RX_IRQHandler
                0x08001854                SPI2_IRQHandler
                0x08001854                OTG_HS_EP1_IN_IRQHandler
                0x08001854                DMA1_Stream0_IRQHandler
                0x08001854                CAN1_TX_IRQHandler
                0x08001854                EXTI4_IRQHandler
                0x08001854                RNG_IRQHandler
                0x08001854                ETH_IRQHandler
                0x08001854                OTG_HS_EP1_OUT_IRQHandler
                0x08001854                WWDG_IRQHandler
                0x08001854                SPI6_IRQHandler
                0x08001854                I2C4_EV_IRQHandler
                0x08001854                TIM2_IRQHandler
                0x08001854                OTG_FS_WKUP_IRQHandler
                0x08001854                TIM1_TRG_COM_TIM11_IRQHandler
                0x08001854                OTG_HS_IRQHandler
                0x08001854                DMA2D_IRQHandler
                0x08001854                EXTI1_IRQHandler
                0x08001854                UART7_IRQHandler
                0x08001854                USART2_IRQHandler
                0x08001854                I2C2_ER_IRQHandler
                0x08001854                DMA2_Stream1_IRQHandler
                0x08001854                CAN1_SCE_IRQHandler
                0x08001854                FLASH_IRQHandler
                0x08001854                DMA2_Stream4_IRQHandler
                0x08001854                USART1_IRQHandler
                0x08001854                OTG_FS_IRQHandler
                0x08001854                SPI3_IRQHandler
                0x08001854                DMA1_Stream4_IRQHandler
                0x08001854                I2C1_ER_IRQHandler
                0x08001854                FMC_IRQHandler
                0x08001854                LPTIM1_IRQHandler
                0x08001854                I2C4_ER_IRQHandler
                0x08001854                DMA2_Stream6_IRQHandler
                0x08001854                SAI1_IRQHandler
                0x08001854                DMA1_Stream3_IRQHandler
 .text.HAL_Init
                0x08001856       0x1a ./Drivers/STM32F7xx_HAL_Driver/Src/stm32f7xx_hal.o
                0x08001856                HAL_Init
 .text.HAL_DeInit
                0x08001870       0x58 ./Drivers/STM32F7xx_HAL_Driver/Src/stm32f7xx_hal.o
                0x08001870                HAL_DeInit
 .text.HAL_MspDeInit
                0x080018c8        0xe ./Drivers/STM32F7xx_HAL_Driver/Src/stm32f7xx_hal.o
                0x080018c8                HAL_MspDeInit
 *fill*         0x080018d6        0x2 
 .text.HAL_InitTick
                0x080018d8       0x60 ./Drivers/STM32F7xx_HAL_Driver/Src/stm32f7xx_hal.o
                0x080018d8                HAL_InitTick
 .text.HAL_IncTick
                0x08001938       0x28 ./Drivers/STM32F7xx_HAL_Driver/Src/stm32f7xx_hal.o
                0x08001938                HAL_IncTick
 .text.HAL_GetTick
                0x08001960       0x18 ./Drivers/STM32F7xx_HAL_Driver/Src/stm32f7xx_hal.o
                0x08001960                HAL_GetTick
 .text.HAL_Delay
                0x08001978       0x48 ./Drivers/STM32F7xx_HAL_Driver/Src/stm32f7xx_hal.o
                0x08001978                HAL_Delay
 .text.__NVIC_SetPriorityGrouping
                0x080019c0       0x48 ./Drivers/STM32F7xx_HAL_Driver/Src/stm32f7xx_hal_cortex.o
 .text.__NVIC_GetPriorityGrouping
                0x08001a08       0x1c ./Drivers/STM32F7xx_HAL_Driver/Src/stm32f7xx_hal_cortex.o
 .text.__NVIC_SetPriority
                0x08001a24       0x54 ./Drivers/STM32F7xx_HAL_Driver/Src/stm32f7xx_hal_cortex.o
 .text.NVIC_EncodePriority
                0x08001a78       0x66 ./Drivers/STM32F7xx_HAL_Driver/Src/stm32f7xx_hal_cortex.o
 *fill*         0x08001ade        0x2 
 .text.__NVIC_SystemReset
                0x08001ae0       0x2c ./Drivers/STM32F7xx_HAL_Driver/Src/stm32f7xx_hal_cortex.o
 .text.SysTick_Config
                0x08001b0c       0x44 ./Drivers/STM32F7xx_HAL_Driver/Src/stm32f7xx_hal_cortex.o
 .text.HAL_NVIC_SetPriorityGrouping
                0x08001b50       0x16 ./Drivers/STM32F7xx_HAL_Driver/Src/stm32f7xx_hal_cortex.o
                0x08001b50                HAL_NVIC_SetPriorityGrouping
 .text.HAL_NVIC_SetPriority
                0x08001b66       0x38 ./Drivers/STM32F7xx_HAL_Driver/Src/stm32f7xx_hal_cortex.o
                0x08001b66                HAL_NVIC_SetPriority
 .text.HAL_NVIC_SystemReset
                0x08001b9e        0x8 ./Drivers/STM32F7xx_HAL_Driver/Src/stm32f7xx_hal_cortex.o
                0x08001b9e                HAL_NVIC_SystemReset
 .text.HAL_SYSTICK_Config
                0x08001ba6       0x18 ./Drivers/STM32F7xx_HAL_Driver/Src/stm32f7xx_hal_cortex.o
                0x08001ba6                HAL_SYSTICK_Config
 *fill*         0x08001bbe        0x2 
 .text.HAL_MPU_Disable
                0x08001bc0       0x30 ./Drivers/STM32F7xx_HAL_Driver/Src/stm32f7xx_hal_cortex.o
                0x08001bc0                HAL_MPU_Disable
 .text.HAL_MPU_Enable
                0x08001bf0       0x40 ./Drivers/STM32F7xx_HAL_Driver/Src/stm32f7xx_hal_cortex.o
                0x08001bf0                HAL_MPU_Enable
 .text.HAL_MPU_ConfigRegion
                0x08001c30       0x80 ./Drivers/STM32F7xx_HAL_Driver/Src/stm32f7xx_hal_cortex.o
                0x08001c30                HAL_MPU_ConfigRegion
 .text.HAL_FLASH_Program
                0x08001cb0       0xb4 ./Drivers/STM32F7xx_HAL_Driver/Src/stm32f7xx_hal_flash.o
                0x08001cb0                HAL_FLASH_Program
 .text.HAL_FLASH_Unlock
                0x08001d64       0x44 ./Drivers/STM32F7xx_HAL_Driver/Src/stm32f7xx_hal_flash.o
                0x08001d64                HAL_FLASH_Unlock
 .text.HAL_FLASH_Lock
                0x08001da8       0x20 ./Drivers/STM32F7xx_HAL_Driver/Src/stm32f7xx_hal_flash.o
                0x08001da8                HAL_FLASH_Lock
 .text.FLASH_WaitForLastOperation
                0x08001dc8       0x80 ./Drivers/STM32F7xx_HAL_Driver/Src/stm32f7xx_hal_flash.o
                0x08001dc8                FLASH_WaitForLastOperation
 .text.FLASH_Program_DoubleWord
                0x08001e48       0x6c ./Drivers/STM32F7xx_HAL_Driver/Src/stm32f7xx_hal_flash.o
 .text.FLASH_Program_Word
                0x08001eb4       0x4c ./Drivers/STM32F7xx_HAL_Driver/Src/stm32f7xx_hal_flash.o
 .text.FLASH_Program_HalfWord
                0x08001f00       0x4c ./Drivers/STM32F7xx_HAL_Driver/Src/stm32f7xx_hal_flash.o
 .text.FLASH_Program_Byte
                0x08001f4c       0x48 ./Drivers/STM32F7xx_HAL_Driver/Src/stm32f7xx_hal_flash.o
 .text.FLASH_SetErrorCode
                0x08001f94       0x94 ./Drivers/STM32F7xx_HAL_Driver/Src/stm32f7xx_hal_flash.o
 .text.HAL_FLASHEx_Erase
                0x08002028       0xd4 ./Drivers/STM32F7xx_HAL_Driver/Src/stm32f7xx_hal_flash_ex.o
                0x08002028                HAL_FLASHEx_Erase
 .text.FLASH_MassErase
                0x080020fc       0x4c ./Drivers/STM32F7xx_HAL_Driver/Src/stm32f7xx_hal_flash_ex.o
 .text.FLASH_Erase_Sector
                0x08002148       0x98 ./Drivers/STM32F7xx_HAL_Driver/Src/stm32f7xx_hal_flash_ex.o
                0x08002148                FLASH_Erase_Sector
 .text.HAL_GPIO_Init
                0x080021e0      0x358 ./Drivers/STM32F7xx_HAL_Driver/Src/stm32f7xx_hal_gpio.o
                0x080021e0                HAL_GPIO_Init
 .text.HAL_GPIO_ReadPin
                0x08002538       0x30 ./Drivers/STM32F7xx_HAL_Driver/Src/stm32f7xx_hal_gpio.o
                0x08002538                HAL_GPIO_ReadPin
 .text.HAL_GPIO_WritePin
                0x08002568       0x32 ./Drivers/STM32F7xx_HAL_Driver/Src/stm32f7xx_hal_gpio.o
                0x08002568                HAL_GPIO_WritePin
 .text.HAL_GPIO_TogglePin
                0x0800259a       0x34 ./Drivers/STM32F7xx_HAL_Driver/Src/stm32f7xx_hal_gpio.o
                0x0800259a                HAL_GPIO_TogglePin
 *fill*         0x080025ce        0x2 
 .text.HAL_RCC_OscConfig
                0x080025d0      0x548 ./Drivers/STM32F7xx_HAL_Driver/Src/stm32f7xx_hal_rcc.o
                0x080025d0                HAL_RCC_OscConfig
 .text.HAL_RCC_ClockConfig
                0x08002b18      0x1d8 ./Drivers/STM32F7xx_HAL_Driver/Src/stm32f7xx_hal_rcc.o
                0x08002b18                HAL_RCC_ClockConfig
 .text.HAL_RCC_GetSysClockFreq
                0x08002cf0      0x18c ./Drivers/STM32F7xx_HAL_Driver/Src/stm32f7xx_hal_rcc.o
                0x08002cf0                HAL_RCC_GetSysClockFreq
 .text.HAL_RCC_GetHCLKFreq
                0x08002e7c       0x18 ./Drivers/STM32F7xx_HAL_Driver/Src/stm32f7xx_hal_rcc.o
                0x08002e7c                HAL_RCC_GetHCLKFreq
 .text.HAL_RCC_GetPCLK1Freq
                0x08002e94       0x28 ./Drivers/STM32F7xx_HAL_Driver/Src/stm32f7xx_hal_rcc.o
                0x08002e94                HAL_RCC_GetPCLK1Freq
 .text.HAL_RCC_GetPCLK2Freq
                0x08002ebc       0x28 ./Drivers/STM32F7xx_HAL_Driver/Src/stm32f7xx_hal_rcc.o
                0x08002ebc                HAL_RCC_GetPCLK2Freq
 .text.HAL_RCCEx_PeriphCLKConfig
                0x08002ee4      0x7e0 ./Drivers/STM32F7xx_HAL_Driver/Src/stm32f7xx_hal_rcc_ex.o
                0x08002ee4                HAL_RCCEx_PeriphCLKConfig
 .text.HAL_UART_Init
                0x080036c4       0x9c ./Drivers/STM32F7xx_HAL_Driver/Src/stm32f7xx_hal_uart.o
                0x080036c4                HAL_UART_Init
 .text.HAL_UART_Transmit
                0x08003760      0x112 ./Drivers/STM32F7xx_HAL_Driver/Src/stm32f7xx_hal_uart.o
                0x08003760                HAL_UART_Transmit
 *fill*         0x08003872        0x2 
 .text.UART_SetConfig
                0x08003874      0x4c8 ./Drivers/STM32F7xx_HAL_Driver/Src/stm32f7xx_hal_uart.o
                0x08003874                UART_SetConfig
 .text.UART_AdvFeatureConfig
                0x08003d3c      0x144 ./Drivers/STM32F7xx_HAL_Driver/Src/stm32f7xx_hal_uart.o
                0x08003d3c                UART_AdvFeatureConfig
 .text.UART_CheckIdleState
                0x08003e80       0xae ./Drivers/STM32F7xx_HAL_Driver/Src/stm32f7xx_hal_uart.o
                0x08003e80                UART_CheckIdleState
 .text.UART_WaitOnFlagUntilTimeout
                0x08003f2e       0xda ./Drivers/STM32F7xx_HAL_Driver/Src/stm32f7xx_hal_uart.o
                0x08003f2e                UART_WaitOnFlagUntilTimeout
 .text.UART_EndRxTransfer
                0x08004008       0xc8 ./Drivers/STM32F7xx_HAL_Driver/Src/stm32f7xx_hal_uart.o
 .text.tc_aes128_set_decrypt_key
                0x080040d0       0x1c ./Libs/tinycrypt/Src/aes_decrypt.o
                0x080040d0                tc_aes128_set_decrypt_key
 .text.mult_row_column
                0x080040ec      0x41a ./Libs/tinycrypt/Src/aes_decrypt.o
 .text.inv_mix_columns
                0x08004506       0x64 ./Libs/tinycrypt/Src/aes_decrypt.o
 .text.add_round_key
                0x0800456a      0x1a2 ./Libs/tinycrypt/Src/aes_decrypt.o
 .text.inv_sub_bytes
                0x0800470c       0x44 ./Libs/tinycrypt/Src/aes_decrypt.o
 .text.inv_shift_rows
                0x08004750       0x7e ./Libs/tinycrypt/Src/aes_decrypt.o
 .text.tc_aes_decrypt
                0x080047ce       0xd6 ./Libs/tinycrypt/Src/aes_decrypt.o
                0x080047ce                tc_aes_decrypt
 .text.rotword  0x080048a4       0x1a ./Libs/tinycrypt/Src/aes_encrypt.o
 *fill*         0x080048be        0x2 
 .text.tc_aes128_set_encrypt_key
                0x080048c0      0x138 ./Libs/tinycrypt/Src/aes_encrypt.o
                0x080048c0                tc_aes128_set_encrypt_key
 .text.add_round_key
                0x080049f8      0x1a2 ./Libs/tinycrypt/Src/aes_encrypt.o
 *fill*         0x08004b9a        0x2 
 .text.sub_bytes
                0x08004b9c       0x44 ./Libs/tinycrypt/Src/aes_encrypt.o
 .text.mult_row_column
                0x08004be0      0x122 ./Libs/tinycrypt/Src/aes_encrypt.o
 .text.mix_columns
                0x08004d02       0x64 ./Libs/tinycrypt/Src/aes_encrypt.o
 .text.shift_rows
                0x08004d66       0x7e ./Libs/tinycrypt/Src/aes_encrypt.o
 .text.tc_aes_encrypt
                0x08004de4       0xdc ./Libs/tinycrypt/Src/aes_encrypt.o
                0x08004de4                tc_aes_encrypt
 .text.uECC_vli_clear
                0x08004ec0       0x42 ./Libs/tinycrypt/Src/ecc.o
                0x08004ec0                uECC_vli_clear
 .text.uECC_vli_isZero
                0x08004f02       0x54 ./Libs/tinycrypt/Src/ecc.o
                0x08004f02                uECC_vli_isZero
 .text.uECC_vli_testBit
                0x08004f56       0x36 ./Libs/tinycrypt/Src/ecc.o
                0x08004f56                uECC_vli_testBit
 .text.vli_numDigits
                0x08004f8c       0x4a ./Libs/tinycrypt/Src/ecc.o
 .text.uECC_vli_numBits
                0x08004fd6       0x74 ./Libs/tinycrypt/Src/ecc.o
                0x08004fd6                uECC_vli_numBits
 .text.uECC_vli_set
                0x0800504a       0x4e ./Libs/tinycrypt/Src/ecc.o
                0x0800504a                uECC_vli_set
 .text.uECC_vli_cmp_unsafe
                0x08005098       0x78 ./Libs/tinycrypt/Src/ecc.o
                0x08005098                uECC_vli_cmp_unsafe
 .text.uECC_vli_equal
                0x08005110       0x64 ./Libs/tinycrypt/Src/ecc.o
                0x08005110                uECC_vli_equal
 .text.cond_set
                0x08005174       0x36 ./Libs/tinycrypt/Src/ecc.o
                0x08005174                cond_set
 .text.uECC_vli_sub
                0x080051aa       0xa2 ./Libs/tinycrypt/Src/ecc.o
                0x080051aa                uECC_vli_sub
 .text.uECC_vli_add
                0x0800524c       0xa2 ./Libs/tinycrypt/Src/ecc.o
 .text.uECC_vli_rshift1
                0x080052ee       0x54 ./Libs/tinycrypt/Src/ecc.o
 .text.muladd   0x08005342       0xd4 ./Libs/tinycrypt/Src/ecc.o
 .text.uECC_vli_mult
                0x08005416      0x140 ./Libs/tinycrypt/Src/ecc.o
 .text.uECC_vli_modAdd
                0x08005556       0x4e ./Libs/tinycrypt/Src/ecc.o
                0x08005556                uECC_vli_modAdd
 .text.uECC_vli_modSub
                0x080055a4       0x3a ./Libs/tinycrypt/Src/ecc.o
                0x080055a4                uECC_vli_modSub
 .text.uECC_vli_mmod
                0x080055de      0x278 ./Libs/tinycrypt/Src/ecc.o
                0x080055de                uECC_vli_mmod
 .text.uECC_vli_modMult
                0x08005856       0x36 ./Libs/tinycrypt/Src/ecc.o
                0x08005856                uECC_vli_modMult
 .text.uECC_vli_modMult_fast
                0x0800588c       0x38 ./Libs/tinycrypt/Src/ecc.o
                0x0800588c                uECC_vli_modMult_fast
 .text.uECC_vli_modSquare_fast
                0x080058c4       0x20 ./Libs/tinycrypt/Src/ecc.o
 .text.vli_modInv_update
                0x080058e4       0x70 ./Libs/tinycrypt/Src/ecc.o
 .text.uECC_vli_modInv
                0x08005954      0x1f2 ./Libs/tinycrypt/Src/ecc.o
                0x08005954                uECC_vli_modInv
 .text.double_jacobian_default
                0x08005b46      0x1fe ./Libs/tinycrypt/Src/ecc.o
                0x08005b46                double_jacobian_default
 .text.x_side_default
                0x08005d44       0x76 ./Libs/tinycrypt/Src/ecc.o
                0x08005d44                x_side_default
 *fill*         0x08005dba        0x2 
 .text.uECC_secp256r1
                0x08005dbc       0x14 ./Libs/tinycrypt/Src/ecc.o
                0x08005dbc                uECC_secp256r1
 .text.vli_mmod_fast_secp256r1
                0x08005dd0      0x29c ./Libs/tinycrypt/Src/ecc.o
                0x08005dd0                vli_mmod_fast_secp256r1
 .text.apply_z  0x0800606c       0x50 ./Libs/tinycrypt/Src/ecc.o
                0x0800606c                apply_z
 .text.XYcZ_add
                0x080060bc      0x126 ./Libs/tinycrypt/Src/ecc.o
                0x080060bc                XYcZ_add
 .text.uECC_vli_bytesToNative
                0x080061e2       0x80 ./Libs/tinycrypt/Src/ecc.o
                0x080061e2                uECC_vli_bytesToNative
 .text.bits2int
                0x08006262       0xe2 ./Libs/tinycrypt/Src/ecc_dsa.o
 .text.smax     0x08006344       0x2c ./Libs/tinycrypt/Src/ecc_dsa.o
 .text.uECC_verify
                0x08006370      0x5a2 ./Libs/tinycrypt/Src/ecc_dsa.o
                0x08006370                uECC_verify
 *fill*         0x08006912        0x2 
 .text.tc_sha256_init
                0x08006914       0x78 ./Libs/tinycrypt/Src/sha256.o
                0x08006914                tc_sha256_init
 .text.tc_sha256_update
                0x0800698c       0x86 ./Libs/tinycrypt/Src/sha256.o
                0x0800698c                tc_sha256_update
 .text.tc_sha256_final
                0x08006a12      0x1ea ./Libs/tinycrypt/Src/sha256.o
                0x08006a12                tc_sha256_final
 .text.ROTR     0x08006bfc       0x1e ./Libs/tinycrypt/Src/sha256.o
 .text.BigEndian
                0x08006c1a       0x66 ./Libs/tinycrypt/Src/sha256.o
 .text.compress
                0x08006c80      0x314 ./Libs/tinycrypt/Src/sha256.o
 .text._copy    0x08006f94       0x2e ./Libs/tinycrypt/Src/utils.o
                0x08006f94                _copy
 .text._set     0x08006fc2       0x22 ./Libs/tinycrypt/Src/utils.o
                0x08006fc2                _set
 .text._double_byte
                0x08006fe4       0x3e ./Libs/tinycrypt/Src/utils.o
                0x08006fe4                _double_byte
 .text.memset   0x08007022       0x10 C:/ST/STM32CubeIDE_1.19.0/STM32CubeIDE/plugins/com.st.stm32cube.ide.mcu.externaltools.gnu-tools-for-stm32.13.3.rel1.win32_1.0.100.202509120712/tools/bin/../lib/gcc/arm-none-eabi/13.3.1/../../../../arm-none-eabi/lib/thumb/v7e-m+fp/hard\libc_nano.a(libc_a-memset.o)
                0x08007022                memset
 *fill*         0x08007032        0x2 
 .text.__libc_init_array
                0x08007034       0x48 C:/ST/STM32CubeIDE_1.19.0/STM32CubeIDE/plugins/com.st.stm32cube.ide.mcu.externaltools.gnu-tools-for-stm32.13.3.rel1.win32_1.0.100.202509120712/tools/bin/../lib/gcc/arm-none-eabi/13.3.1/../../../../arm-none-eabi/lib/thumb/v7e-m+fp/hard\libc_nano.a(libc_a-init.o)
                0x08007034                __libc_init_array
 .text.memcpy   0x0800707c       0x1c C:/ST/STM32CubeIDE_1.19.0/STM32CubeIDE/plugins/com.st.stm32cube.ide.mcu.externaltools.gnu-tools-for-stm32.13.3.rel1.win32_1.0.100.202509120712/tools/bin/../lib/gcc/arm-none-eabi/13.3.1/../../../../arm-none-eabi/lib/thumb/v7e-m+fp/hard\libc_nano.a(libc_a-memcpy-stub.o)
                0x0800707c                memcpy
 *(.glue_7)
 .glue_7        0x08007098        0x0 linker stubs
 *(.glue_7t)
 .glue_7t       0x08007098        0x0 linker stubs
 *(.eh_frame)
 .eh_frame      0x08007098        0x0 C:/ST/STM32CubeIDE_1.19.0/STM32CubeIDE/plugins/com.st.stm32cube.ide.mcu.externaltools.gnu-tools-for-stm32.13.3.rel1.win32_1.0.100.202509120712/tools/bin/../lib/gcc/arm-none-eabi/13.3.1/thumb/v7e-m+fp/hard/crtbegin.o
 *(.init)
 .init          0x08007098        0x4 C:/ST/STM32CubeIDE_1.19.0/STM32CubeIDE/plugins/com.st.stm32cube.ide.mcu.externaltools.gnu-tools-for-stm32.13.3.rel1.win32_1.0.100.202509120712/tools/bin/../lib/gcc/arm-none-eabi/13.3.1/thumb/v7e-m+fp/hard/crti.o
                0x08007098                _init
 .init          0x0800709c        0x8 C:/ST/STM32CubeIDE_1.19.0/STM32CubeIDE/plugins/com.st.stm32cube.ide.mcu.externaltools.gnu-tools-for-stm32.13.3.rel1.win32_1.0.100.202509120712/tools/bin/../lib/gcc/arm-none-eabi/13.3.1/thumb/v7e-m+fp/hard/crtn.o
 *(.fini)
 .fini          0x080070a4        0x4 C:/ST/STM32CubeIDE_1.19.0/STM32CubeIDE/plugins/com.st.stm32cube.ide.mcu.externaltools.gnu-tools-for-stm32.13.3.rel1.win32_1.0.100.202509120712/tools/bin/../lib/gcc/arm-none-eabi/13.3.1/thumb/v7e-m+fp/hard/crti.o
                0x080070a4                _fini
 .fini          0x080070a8        0x8 C:/ST/STM32CubeIDE_1.19.0/STM32CubeIDE/plugins/com.st.stm32cube.ide.mcu.externaltools.gnu-tools-for-stm32.13.3.rel1.win32_1.0.100.202509120712/tools/bin/../lib/gcc/arm-none-eabi/13.3.1/thumb/v7e-m+fp/hard/crtn.o
                0x080070b0                        . = ALIGN (0x4)
                0x080070b0                        _etext = .

.vfp11_veneer   0x080070b0        0x0
 .vfp11_veneer  0x080070b0        0x0 linker stubs

.v4_bx          0x080070b0        0x0
 .v4_bx         0x080070b0        0x0 linker stubs

.iplt           0x080070b0        0x0
 .iplt          0x080070b0        0x0 C:/ST/STM32CubeIDE_1.19.0/STM32CubeIDE/plugins/com.st.stm32cube.ide.mcu.externaltools.gnu-tools-for-stm32.13.3.rel1.win32_1.0.100.202509120712/tools/bin/../lib/gcc/arm-none-eabi/13.3.1/thumb/v7e-m+fp/hard/crtbegin.o

.rodata         0x080070b0      0xe9c
                0x080070b0                        . = ALIGN (0x4)
 *(.rodata)
 .rodata        0x080070b0      0x4c5 ./Core/Src/BL_Functions.o
 *fill*         0x08007575        0x3 
 .rodata        0x08007578      0x578 ./Core/Src/main.o
 .rodata        0x08007af0       0x17 ./Core/Src/tiny_printf.o
 *fill*         0x08007b07        0x1 
 .rodata        0x08007b08       0x2c ./Libs/tinycrypt/Src/aes_encrypt.o
 *(.rodata*)
 .rodata.AES_SECRET_KEY
                0x08007b34       0x10 ./Core/Src/keys.o
                0x08007b34                AES_SECRET_KEY
 .rodata.ECDSA_public_key_xy
                0x08007b44       0x40 ./Core/Src/keys.o
                0x08007b44                ECDSA_public_key_xy
 .rodata.AHBPrescTable
                0x08007b84       0x10 ./Core/Src/system_stm32f7xx.o
                0x08007b84                AHBPrescTable
 .rodata.APBPrescTable
                0x08007b94        0x8 ./Core/Src/system_stm32f7xx.o
                0x08007b94                APBPrescTable
 .rodata.inv_sbox
                0x08007b9c      0x100 ./Libs/tinycrypt/Src/aes_decrypt.o
 .rodata.sbox   0x08007c9c      0x100 ./Libs/tinycrypt/Src/aes_encrypt.o
 .rodata.curve_secp256r1
                0x08007d9c       0xb0 ./Libs/tinycrypt/Src/ecc.o
 .rodata.k256   0x08007e4c      0x100 ./Libs/tinycrypt/Src/sha256.o
                0x08007f4c                        . = ALIGN (0x4)

.ARM.extab      0x08007f4c        0x0
                0x08007f4c                        . = ALIGN (0x4)
 *(.ARM.extab* .gnu.linkonce.armextab.*)
                0x08007f4c                        . = ALIGN (0x4)

.ARM            0x08007f4c        0x8
                0x08007f4c                        . = ALIGN (0x4)
                0x08007f4c                        __exidx_start = .
 *(.ARM.exidx*)
 .ARM.exidx     0x08007f4c        0x8 C:/ST/STM32CubeIDE_1.19.0/STM32CubeIDE/plugins/com.st.stm32cube.ide.mcu.externaltools.gnu-tools-for-stm32.13.3.rel1.win32_1.0.100.202509120712/tools/bin/../lib/gcc/arm-none-eabi/13.3.1/thumb/v7e-m+fp/hard\libgcc.a(_udivmoddi4.o)
                0x08007f54                        __exidx_end = .
                0x08007f54                        . = ALIGN (0x4)

.preinit_array  0x08007f54        0x0
                0x08007f54                        . = ALIGN (0x4)
                0x08007f54                        PROVIDE (__preinit_array_start = .)
 *(.preinit_array*)
                0x08007f54                        PROVIDE (__preinit_array_end = .)
                0x08007f54                        . = ALIGN (0x4)

.init_array     0x08007f54        0x4
                0x08007f54                        . = ALIGN (0x4)
                0x08007f54                        PROVIDE (__init_array_start = .)
 *(SORT_BY_NAME(.init_array.*))
 *(.init_array*)
 .init_array    0x08007f54        0x4 C:/ST/STM32CubeIDE_1.19.0/STM32CubeIDE/plugins/com.st.stm32cube.ide.mcu.externaltools.gnu-tools-for-stm32.13.3.rel1.win32_1.0.100.202509120712/tools/bin/../lib/gcc/arm-none-eabi/13.3.1/thumb/v7e-m+fp/hard/crtbegin.o
                0x08007f58                        PROVIDE (__init_array_end = .)
                0x08007f58                        . = ALIGN (0x4)

.fini_array     0x08007f58        0x4
                0x08007f58                        . = ALIGN (0x4)
                [!provide]                        PROVIDE (__fini_array_start = .)
 *(SORT_BY_NAME(.fini_array.*))
 *(.fini_array*)
 .fini_array    0x08007f58        0x4 C:/ST/STM32CubeIDE_1.19.0/STM32CubeIDE/plugins/com.st.stm32cube.ide.mcu.externaltools.gnu-tools-for-stm32.13.3.rel1.win32_1.0.100.202509120712/tools/bin/../lib/gcc/arm-none-eabi/13.3.1/thumb/v7e-m+fp/hard/crtbegin.o
                [!provide]                        PROVIDE (__fini_array_end = .)
                0x08007f5c                        . = ALIGN (0x4)
                0x08007f5c                        _sidata = LOADADDR (.data)

.rel.dyn        0x08007f5c        0x0
 .rel.iplt      0x08007f5c        0x0 C:/ST/STM32CubeIDE_1.19.0/STM32CubeIDE/plugins/com.st.stm32cube.ide.mcu.externaltools.gnu-tools-for-stm32.13.3.rel1.win32_1.0.100.202509120712/tools/bin/../lib/gcc/arm-none-eabi/13.3.1/thumb/v7e-m+fp/hard/crtbegin.o

.data           0x20000000        0xc load address 0x08007f5c
                0x20000000                        . = ALIGN (0x4)
                0x20000000                        _sdata = .
 *(.data)
 *(.data*)
 .data.SystemCoreClock
                0x20000000        0x4 ./Core/Src/system_stm32f7xx.o
                0x20000000                SystemCoreClock
 .data.uwTickPrio
                0x20000004        0x4 ./Drivers/STM32F7xx_HAL_Driver/Src/stm32f7xx_hal.o
                0x20000004                uwTickPrio
 .data.uwTickFreq
                0x20000008        0x1 ./Drivers/STM32F7xx_HAL_Driver/Src/stm32f7xx_hal.o
                0x20000008                uwTickFreq
 *(.RamFunc)
 *(.RamFunc*)
                0x2000000c                        . = ALIGN (0x4)
 *fill*         0x20000009        0x3 
                0x2000000c                        _edata = .

.igot.plt       0x2000000c        0x0 load address 0x08007f68
 .igot.plt      0x2000000c        0x0 C:/ST/STM32CubeIDE_1.19.0/STM32CubeIDE/plugins/com.st.stm32cube.ide.mcu.externaltools.gnu-tools-for-stm32.13.3.rel1.win32_1.0.100.202509120712/tools/bin/../lib/gcc/arm-none-eabi/13.3.1/thumb/v7e-m+fp/hard/crtbegin.o
                0x2000000c                        . = ALIGN (0x4)

.bss            0x2000000c       0xd4 load address 0x08007f68
                0x2000000c                        _sbss = .
                0x2000000c                        __bss_start__ = _sbss
 *(.bss)
 .bss           0x2000000c       0x1c C:/ST/STM32CubeIDE_1.19.0/STM32CubeIDE/plugins/com.st.stm32cube.ide.mcu.externaltools.gnu-tools-for-stm32.13.3.rel1.win32_1.0.100.202509120712/tools/bin/../lib/gcc/arm-none-eabi/13.3.1/thumb/v7e-m+fp/hard/crtbegin.o
 *(.bss*)
 .bss.huart1    0x20000028       0x88 ./Core/Src/main.o
                0x20000028                huart1
 .bss.config    0x200000b0        0xc ./Core/Src/main.o
                0x200000b0                config
 .bss.g_uart_handle
                0x200000bc        0x4 ./Core/Src/tiny_printf.o
 .bss.uwTick    0x200000c0        0x4 ./Drivers/STM32F7xx_HAL_Driver/Src/stm32f7xx_hal.o
                0x200000c0                uwTick
 .bss.pFlash    0x200000c4       0x1c ./Drivers/STM32F7xx_HAL_Driver/Src/stm32f7xx_hal_flash.o
                0x200000c4                pFlash
 *(COMMON)
                0x200000e0                        . = ALIGN (0x4)
                0x200000e0                        _ebss = .
                0x200000e0                        __bss_end__ = _ebss

._user_heap_stack
                0x200000e0      0x600 load address 0x08007f68
                0x200000e0                        . = ALIGN (0x8)
                [!provide]                        PROVIDE (end = .)
                0x200000e0                        PROVIDE (_end = .)
                0x200002e0                        . = (. + _Min_Heap_Size)
 *fill*         0x200000e0      0x200 
                0x200006e0                        . = (. + _Min_Stack_Size)
 *fill*         0x200002e0      0x400 
                0x200006e0                        . = ALIGN (0x8)

/DISCARD/
 libc.a(*)
 libm.a(*)
 libgcc.a(*)

.ARM.attributes
                0x00000000       0x30
 *(.ARM.attributes)
 .ARM.attributes
                0x00000000       0x22 C:/ST/STM32CubeIDE_1.19.0/STM32CubeIDE/plugins/com.st.stm32cube.ide.mcu.externaltools.gnu-tools-for-stm32.13.3.rel1.win32_1.0.100.202509120712/tools/bin/../lib/gcc/arm-none-eabi/13.3.1/thumb/v7e-m+fp/hard/crti.o
 .ARM.attributes
                0x00000022       0x34 C:/ST/STM32CubeIDE_1.19.0/STM32CubeIDE/plugins/com.st.stm32cube.ide.mcu.externaltools.gnu-tools-for-stm32.13.3.rel1.win32_1.0.100.202509120712/tools/bin/../lib/gcc/arm-none-eabi/13.3.1/thumb/v7e-m+fp/hard/crtbegin.o
 .ARM.attributes
                0x00000056       0x34 ./Core/Src/BL_Functions.o
 .ARM.attributes
                0x0000008a       0x34 ./Core/Src/Cyptology_Control.o
 .ARM.attributes
                0x000000be       0x34 ./Core/Src/flash_driver_stm32f7.o
 .ARM.attributes
                0x000000f2       0x34 ./Core/Src/jump_to_app.o
 .ARM.attributes
                0x00000126       0x34 ./Core/Src/keys.o
 .ARM.attributes
                0x0000015a       0x34 ./Core/Src/main.o
 .ARM.attributes
                0x0000018e       0x34 ./Core/Src/stm32f7xx_hal_msp.o
 .ARM.attributes
                0x000001c2       0x34 ./Core/Src/stm32f7xx_it.o
 .ARM.attributes
                0x000001f6       0x34 ./Core/Src/system_stm32f7xx.o
 .ARM.attributes
                0x0000022a       0x34 ./Core/Src/tiny_printf.o
 .ARM.attributes
                0x0000025e       0x21 ./Core/Startup/startup_stm32f746nghx.o
 .ARM.attributes
                0x0000027f       0x34 ./Drivers/STM32F7xx_HAL_Driver/Src/stm32f7xx_hal.o
 .ARM.attributes
                0x000002b3       0x34 ./Drivers/STM32F7xx_HAL_Driver/Src/stm32f7xx_hal_cortex.o
 .ARM.attributes
                0x000002e7       0x34 ./Drivers/STM32F7xx_HAL_Driver/Src/stm32f7xx_hal_flash.o
 .ARM.attributes
                0x0000031b       0x34 ./Drivers/STM32F7xx_HAL_Driver/Src/stm32f7xx_hal_flash_ex.o
 .ARM.attributes
                0x0000034f       0x34 ./Drivers/STM32F7xx_HAL_Driver/Src/stm32f7xx_hal_gpio.o
 .ARM.attributes
                0x00000383       0x34 ./Drivers/STM32F7xx_HAL_Driver/Src/stm32f7xx_hal_rcc.o
 .ARM.attributes
                0x000003b7       0x34 ./Drivers/STM32F7xx_HAL_Driver/Src/stm32f7xx_hal_rcc_ex.o
 .ARM.attributes
                0x000003eb       0x34 ./Drivers/STM32F7xx_HAL_Driver/Src/stm32f7xx_hal_uart.o
 .ARM.attributes
                0x0000041f       0x34 ./Libs/tinycrypt/Src/aes_decrypt.o
 .ARM.attributes
                0x00000453       0x34 ./Libs/tinycrypt/Src/aes_encrypt.o
 .ARM.attributes
                0x00000487       0x34 ./Libs/tinycrypt/Src/ecc.o
 .ARM.attributes
                0x000004bb       0x34 ./Libs/tinycrypt/Src/ecc_dsa.o
 .ARM.attributes
                0x000004ef       0x34 ./Libs/tinycrypt/Src/sha256.o
 .ARM.attributes
                0x00000523       0x34 ./Libs/tinycrypt/Src/utils.o
 .ARM.attributes
                0x00000557       0x34 C:/ST/STM32CubeIDE_1.19.0/STM32CubeIDE/plugins/com.st.stm32cube.ide.mcu.externaltools.gnu-tools-for-stm32.13.3.rel1.win32_1.0.100.202509120712/tools/bin/../lib/gcc/arm-none-eabi/13.3.1/../../../../arm-none-eabi/lib/thumb/v7e-m+fp/hard\libc_nano.a(libc_a-memset.o)
 .ARM.attributes
                0x0000058b       0x34 C:/ST/STM32CubeIDE_1.19.0/STM32CubeIDE/plugins/com.st.stm32cube.ide.mcu.externaltools.gnu-tools-for-stm32.13.3.rel1.win32_1.0.100.202509120712/tools/bin/../lib/gcc/arm-none-eabi/13.3.1/../../../../arm-none-eabi/lib/thumb/v7e-m+fp/hard\libc_nano.a(libc_a-init.o)
 .ARM.attributes
                0x000005bf       0x34 C:/ST/STM32CubeIDE_1.19.0/STM32CubeIDE/plugins/com.st.stm32cube.ide.mcu.externaltools.gnu-tools-for-stm32.13.3.rel1.win32_1.0.100.202509120712/tools/bin/../lib/gcc/arm-none-eabi/13.3.1/../../../../arm-none-eabi/lib/thumb/v7e-m+fp/hard\libc_nano.a(libc_a-memcpy-stub.o)
 .ARM.attributes
                0x000005f3       0x22 C:/ST/STM32CubeIDE_1.19.0/STM32CubeIDE/plugins/com.st.stm32cube.ide.mcu.externaltools.gnu-tools-for-stm32.13.3.rel1.win32_1.0.100.202509120712/tools/bin/../lib/gcc/arm-none-eabi/13.3.1/thumb/v7e-m+fp/hard\libgcc.a(_aeabi_uldivmod.o)
 .ARM.attributes
                0x00000615       0x34 C:/ST/STM32CubeIDE_1.19.0/STM32CubeIDE/plugins/com.st.stm32cube.ide.mcu.externaltools.gnu-tools-for-stm32.13.3.rel1.win32_1.0.100.202509120712/tools/bin/../lib/gcc/arm-none-eabi/13.3.1/thumb/v7e-m+fp/hard\libgcc.a(_udivmoddi4.o)
 .ARM.attributes
                0x00000649       0x22 C:/ST/STM32CubeIDE_1.19.0/STM32CubeIDE/plugins/com.st.stm32cube.ide.mcu.externaltools.gnu-tools-for-stm32.13.3.rel1.win32_1.0.100.202509120712/tools/bin/../lib/gcc/arm-none-eabi/13.3.1/thumb/v7e-m+fp/hard\libgcc.a(_dvmd_tls.o)
 .ARM.attributes
                0x0000066b       0x22 C:/ST/STM32CubeIDE_1.19.0/STM32CubeIDE/plugins/com.st.stm32cube.ide.mcu.externaltools.gnu-tools-for-stm32.13.3.rel1.win32_1.0.100.202509120712/tools/bin/../lib/gcc/arm-none-eabi/13.3.1/thumb/v7e-m+fp/hard/crtn.o
OUTPUT(BOOTLOADER1.elf elf32-littlearm)
LOAD linker stubs
LOAD C:/ST/STM32CubeIDE_1.19.0/STM32CubeIDE/plugins/com.st.stm32cube.ide.mcu.externaltools.gnu-tools-for-stm32.13.3.rel1.win32_1.0.100.202509120712/tools/bin/../lib/gcc/arm-none-eabi/13.3.1/../../../../arm-none-eabi/lib/thumb/v7e-m+fp/hard\libc.a
LOAD C:/ST/STM32CubeIDE_1.19.0/STM32CubeIDE/plugins/com.st.stm32cube.ide.mcu.externaltools.gnu-tools-for-stm32.13.3.rel1.win32_1.0.100.202509120712/tools/bin/../lib/gcc/arm-none-eabi/13.3.1/../../../../arm-none-eabi/lib/thumb/v7e-m+fp/hard\libm.a
LOAD C:/ST/STM32CubeIDE_1.19.0/STM32CubeIDE/plugins/com.st.stm32cube.ide.mcu.externaltools.gnu-tools-for-stm32.13.3.rel1.win32_1.0.100.202509120712/tools/bin/../lib/gcc/arm-none-eabi/13.3.1/thumb/v7e-m+fp/hard\libgcc.a

.debug_info     0x00000000     0xee4c
 .debug_info    0x00000000      0xaeb ./Core/Src/BL_Functions.o
 .debug_info    0x00000aeb      0x567 ./Core/Src/Cyptology_Control.o
 .debug_info    0x00001052      0x2ff ./Core/Src/flash_driver_stm32f7.o
 .debug_info    0x00001351      0x645 ./Core/Src/jump_to_app.o
 .debug_info    0x00001996       0xdc ./Core/Src/keys.o
 .debug_info    0x00001a72     0x15b0 ./Core/Src/main.o
 .debug_info    0x00003022      0xc7d ./Core/Src/stm32f7xx_hal_msp.o
 .debug_info    0x00003c9f      0x112 ./Core/Src/stm32f7xx_it.o
 .debug_info    0x00003db1      0x6ed ./Core/Src/system_stm32f7xx.o
 .debug_info    0x0000449e      0x880 ./Core/Src/tiny_printf.o
 .debug_info    0x00004d1e       0x30 ./Core/Startup/startup_stm32f746nghx.o
 .debug_info    0x00004d4e      0x9d8 ./Drivers/STM32F7xx_HAL_Driver/Src/stm32f7xx_hal.o
 .debug_info    0x00005726      0xf7e ./Drivers/STM32F7xx_HAL_Driver/Src/stm32f7xx_hal_cortex.o
 .debug_info    0x000066a4      0x5a7 ./Drivers/STM32F7xx_HAL_Driver/Src/stm32f7xx_hal_flash.o
 .debug_info    0x00006c4b      0x6e3 ./Drivers/STM32F7xx_HAL_Driver/Src/stm32f7xx_hal_flash_ex.o
 .debug_info    0x0000732e      0x6e7 ./Drivers/STM32F7xx_HAL_Driver/Src/stm32f7xx_hal_gpio.o
 .debug_info    0x00007a15      0x8f0 ./Drivers/STM32F7xx_HAL_Driver/Src/stm32f7xx_hal_rcc.o
 .debug_info    0x00008305      0x6bd ./Drivers/STM32F7xx_HAL_Driver/Src/stm32f7xx_hal_rcc_ex.o
 .debug_info    0x000089c2     0x3a11 ./Drivers/STM32F7xx_HAL_Driver/Src/stm32f7xx_hal_uart.o
 .debug_info    0x0000c3d3      0x30a ./Libs/tinycrypt/Src/aes_decrypt.o
 .debug_info    0x0000c6dd      0x349 ./Libs/tinycrypt/Src/aes_encrypt.o
 .debug_info    0x0000ca26     0x14da ./Libs/tinycrypt/Src/ecc.o
 .debug_info    0x0000df00      0x975 ./Libs/tinycrypt/Src/ecc_dsa.o
 .debug_info    0x0000e875      0x3a8 ./Libs/tinycrypt/Src/sha256.o
 .debug_info    0x0000ec1d      0x22f ./Libs/tinycrypt/Src/utils.o

.debug_abbrev   0x00000000     0x2db4
 .debug_abbrev  0x00000000      0x2be ./Core/Src/BL_Functions.o
 .debug_abbrev  0x000002be      0x19a ./Core/Src/Cyptology_Control.o
 .debug_abbrev  0x00000458      0x170 ./Core/Src/flash_driver_stm32f7.o
 .debug_abbrev  0x000005c8      0x1d9 ./Core/Src/jump_to_app.o
 .debug_abbrev  0x000007a1       0x76 ./Core/Src/keys.o
 .debug_abbrev  0x00000817      0x311 ./Core/Src/main.o
 .debug_abbrev  0x00000b28      0x1d6 ./Core/Src/stm32f7xx_hal_msp.o
 .debug_abbrev  0x00000cfe       0x73 ./Core/Src/stm32f7xx_it.o
 .debug_abbrev  0x00000d71      0x13b ./Core/Src/system_stm32f7xx.o
 .debug_abbrev  0x00000eac      0x1f2 ./Core/Src/tiny_printf.o
 .debug_abbrev  0x0000109e       0x24 ./Core/Startup/startup_stm32f746nghx.o
 .debug_abbrev  0x000010c2      0x213 ./Drivers/STM32F7xx_HAL_Driver/Src/stm32f7xx_hal.o
 .debug_abbrev  0x000012d5      0x31e ./Drivers/STM32F7xx_HAL_Driver/Src/stm32f7xx_hal_cortex.o
 .debug_abbrev  0x000015f3      0x27e ./Drivers/STM32F7xx_HAL_Driver/Src/stm32f7xx_hal_flash.o
 .debug_abbrev  0x00001871      0x24c ./Drivers/STM32F7xx_HAL_Driver/Src/stm32f7xx_hal_flash_ex.o
 .debug_abbrev  0x00001abd      0x1d4 ./Drivers/STM32F7xx_HAL_Driver/Src/stm32f7xx_hal_gpio.o
 .debug_abbrev  0x00001c91      0x288 ./Drivers/STM32F7xx_HAL_Driver/Src/stm32f7xx_hal_rcc.o
 .debug_abbrev  0x00001f19      0x1c9 ./Drivers/STM32F7xx_HAL_Driver/Src/stm32f7xx_hal_rcc_ex.o
 .debug_abbrev  0x000020e2      0x2e6 ./Drivers/STM32F7xx_HAL_Driver/Src/stm32f7xx_hal_uart.o
 .debug_abbrev  0x000023c8      0x15e ./Libs/tinycrypt/Src/aes_decrypt.o
 .debug_abbrev  0x00002526      0x15f ./Libs/tinycrypt/Src/aes_encrypt.o
 .debug_abbrev  0x00002685      0x2c8 ./Libs/tinycrypt/Src/ecc.o
 .debug_abbrev  0x0000294d      0x1d3 ./Libs/tinycrypt/Src/ecc_dsa.o
 .debug_abbrev  0x00002b20      0x176 ./Libs/tinycrypt/Src/sha256.o
 .debug_abbrev  0x00002c96      0x11e ./Libs/tinycrypt/Src/utils.o

.debug_aranges  0x00000000      0xc38
 .debug_aranges
                0x00000000       0x60 ./Core/Src/BL_Functions.o
 .debug_aranges
                0x00000060       0x28 ./Core/Src/Cyptology_Control.o
 .debug_aranges
                0x00000088       0x48 ./Core/Src/flash_driver_stm32f7.o
 .debug_aranges
                0x000000d0       0x20 ./Core/Src/jump_to_app.o
 .debug_aranges
                0x000000f0       0x18 ./Core/Src/keys.o
 .debug_aranges
                0x00000108       0x60 ./Core/Src/main.o
 .debug_aranges
                0x00000168       0x30 ./Core/Src/stm32f7xx_hal_msp.o
 .debug_aranges
                0x00000198       0x60 ./Core/Src/stm32f7xx_it.o
 .debug_aranges
                0x000001f8       0x28 ./Core/Src/system_stm32f7xx.o
 .debug_aranges
                0x00000220       0x48 ./Core/Src/tiny_printf.o
 .debug_aranges
                0x00000268       0x28 ./Core/Startup/startup_stm32f746nghx.o
 .debug_aranges
                0x00000290      0x100 ./Drivers/STM32F7xx_HAL_Driver/Src/stm32f7xx_hal.o
 .debug_aranges
                0x00000390      0x128 ./Drivers/STM32F7xx_HAL_Driver/Src/stm32f7xx_hal_cortex.o
 .debug_aranges
                0x000004b8       0xa0 ./Drivers/STM32F7xx_HAL_Driver/Src/stm32f7xx_hal_flash.o
 .debug_aranges
                0x00000558       0xa0 ./Drivers/STM32F7xx_HAL_Driver/Src/stm32f7xx_hal_flash_ex.o
 .debug_aranges
                0x000005f8       0x58 ./Drivers/STM32F7xx_HAL_Driver/Src/stm32f7xx_hal_gpio.o
 .debug_aranges
                0x00000650       0x88 ./Drivers/STM32F7xx_HAL_Driver/Src/stm32f7xx_hal_rcc.o
 .debug_aranges
                0x000006d8       0x50 ./Drivers/STM32F7xx_HAL_Driver/Src/stm32f7xx_hal_rcc_ex.o
 .debug_aranges
                0x00000728      0x228 ./Drivers/STM32F7xx_HAL_Driver/Src/stm32f7xx_hal_uart.o
 .debug_aranges
                0x00000950       0x50 ./Libs/tinycrypt/Src/aes_decrypt.o
 .debug_aranges
                0x000009a0       0x58 ./Libs/tinycrypt/Src/aes_encrypt.o
 .debug_aranges
                0x000009f8      0x180 ./Libs/tinycrypt/Src/ecc.o
 .debug_aranges
                0x00000b78       0x40 ./Libs/tinycrypt/Src/ecc_dsa.o
 .debug_aranges
                0x00000bb8       0x48 ./Libs/tinycrypt/Src/sha256.o
 .debug_aranges
                0x00000c00       0x38 ./Libs/tinycrypt/Src/utils.o

.debug_rnglists
                0x00000000      0x929
 .debug_rnglists
                0x00000000       0x48 ./Core/Src/BL_Functions.o
 .debug_rnglists
                0x00000048       0x1a ./Core/Src/Cyptology_Control.o
 .debug_rnglists
                0x00000062       0x31 ./Core/Src/flash_driver_stm32f7.o
 .debug_rnglists
                0x00000093       0x14 ./Core/Src/jump_to_app.o
 .debug_rnglists
                0x000000a7       0x49 ./Core/Src/main.o
 .debug_rnglists
                0x000000f0       0x20 ./Core/Src/stm32f7xx_hal_msp.o
 .debug_rnglists
                0x00000110       0x43 ./Core/Src/stm32f7xx_it.o
 .debug_rnglists
                0x00000153       0x1a ./Core/Src/system_stm32f7xx.o
 .debug_rnglists
                0x0000016d       0x33 ./Core/Src/tiny_printf.o
 .debug_rnglists
                0x000001a0       0x19 ./Core/Startup/startup_stm32f746nghx.o
 .debug_rnglists
                0x000001b9       0xbb ./Drivers/STM32F7xx_HAL_Driver/Src/stm32f7xx_hal.o
 .debug_rnglists
                0x00000274       0xda ./Drivers/STM32F7xx_HAL_Driver/Src/stm32f7xx_hal_cortex.o
 .debug_rnglists
                0x0000034e       0x78 ./Drivers/STM32F7xx_HAL_Driver/Src/stm32f7xx_hal_flash.o
 .debug_rnglists
                0x000003c6       0x77 ./Drivers/STM32F7xx_HAL_Driver/Src/stm32f7xx_hal_flash_ex.o
 .debug_rnglists
                0x0000043d       0x3f ./Drivers/STM32F7xx_HAL_Driver/Src/stm32f7xx_hal_gpio.o
 .debug_rnglists
                0x0000047c       0x67 ./Drivers/STM32F7xx_HAL_Driver/Src/stm32f7xx_hal_rcc.o
 .debug_rnglists
                0x000004e3       0x3c ./Drivers/STM32F7xx_HAL_Driver/Src/stm32f7xx_hal_rcc_ex.o
 .debug_rnglists
                0x0000051f      0x1da ./Drivers/STM32F7xx_HAL_Driver/Src/stm32f7xx_hal_uart.o
 .debug_rnglists
                0x000006f9       0x3a ./Libs/tinycrypt/Src/aes_decrypt.o
 .debug_rnglists
                0x00000733       0x41 ./Libs/tinycrypt/Src/aes_encrypt.o
 .debug_rnglists
                0x00000774      0x12d ./Libs/tinycrypt/Src/ecc.o
 .debug_rnglists
                0x000008a1       0x2f ./Libs/tinycrypt/Src/ecc_dsa.o
 .debug_rnglists
                0x000008d0       0x34 ./Libs/tinycrypt/Src/sha256.o
 .debug_rnglists
                0x00000904       0x25 ./Libs/tinycrypt/Src/utils.o

.debug_macro    0x00000000    0x26224
 .debug_macro   0x00000000      0x30b ./Core/Src/BL_Functions.o
 .debug_macro   0x0000030b      0xad8 ./Core/Src/BL_Functions.o
 .debug_macro   0x00000de3       0x22 ./Core/Src/BL_Functions.o
 .debug_macro   0x00000e05       0x8e ./Core/Src/BL_Functions.o
 .debug_macro   0x00000e93       0x51 ./Core/Src/BL_Functions.o
 .debug_macro   0x00000ee4      0x103 ./Core/Src/BL_Functions.o
 .debug_macro   0x00000fe7       0x6a ./Core/Src/BL_Functions.o
 .debug_macro   0x00001051      0x1df ./Core/Src/BL_Functions.o
 .debug_macro   0x00001230       0x2e ./Core/Src/BL_Functions.o
 .debug_macro   0x0000125e      0x28d ./Core/Src/BL_Functions.o
 .debug_macro   0x000014eb       0x2e ./Core/Src/BL_Functions.o
 .debug_macro   0x00001519       0x3b ./Core/Src/BL_Functions.o
 .debug_macro   0x00001554       0x1c ./Core/Src/BL_Functions.o
 .debug_macro   0x00001570       0x22 ./Core/Src/BL_Functions.o
 .debug_macro   0x00001592       0xd9 ./Core/Src/BL_Functions.o
 .debug_macro   0x0000166b     0x12cd ./Core/Src/BL_Functions.o
 .debug_macro   0x00002938      0x11f ./Core/Src/BL_Functions.o
 .debug_macro   0x00002a57       0x19 ./Core/Src/BL_Functions.o
 .debug_macro   0x00002a70    0x19222 ./Core/Src/BL_Functions.o
 .debug_macro   0x0001bc92       0x6d ./Core/Src/BL_Functions.o
 .debug_macro   0x0001bcff     0x375e ./Core/Src/BL_Functions.o
 .debug_macro   0x0001f45d      0x190 ./Core/Src/BL_Functions.o
 .debug_macro   0x0001f5ed       0x63 ./Core/Src/BL_Functions.o
 .debug_macro   0x0001f650     0x18ad ./Core/Src/BL_Functions.o
 .debug_macro   0x00020efd      0x6c4 ./Core/Src/BL_Functions.o
 .debug_macro   0x000215c1      0x185 ./Core/Src/BL_Functions.o
 .debug_macro   0x00021746      0x115 ./Core/Src/BL_Functions.o
 .debug_macro   0x0002185b      0x1fd ./Core/Src/BL_Functions.o
 .debug_macro   0x00021a58       0xa5 ./Core/Src/BL_Functions.o
 .debug_macro   0x00021afd      0x24f ./Core/Src/BL_Functions.o
 .debug_macro   0x00021d4c       0x41 ./Core/Src/BL_Functions.o
 .debug_macro   0x00021d8d       0x58 ./Core/Src/BL_Functions.o
 .debug_macro   0x00021de5      0x236 ./Core/Src/BL_Functions.o
 .debug_macro   0x0002201b      0x14e ./Core/Src/BL_Functions.o
 .debug_macro   0x00022169      0x25a ./Core/Src/BL_Functions.o
 .debug_macro   0x000223c3       0x12 ./Core/Src/BL_Functions.o
 .debug_macro   0x000223d5      0x22c ./Core/Src/BL_Functions.o
 .debug_macro   0x00022601       0x61 ./Core/Src/BL_Functions.o
 .debug_macro   0x00022662       0xa5 ./Core/Src/BL_Functions.o
 .debug_macro   0x00022707      0x12e ./Core/Src/BL_Functions.o
 .debug_macro   0x00022835      0x108 ./Core/Src/BL_Functions.o
 .debug_macro   0x0002293d       0x35 ./Core/Src/BL_Functions.o
 .debug_macro   0x00022972      0x56d ./Core/Src/BL_Functions.o
 .debug_macro   0x00022edf       0x44 ./Core/Src/BL_Functions.o
 .debug_macro   0x00022f23      0x14d ./Core/Src/BL_Functions.o
 .debug_macro   0x00023070       0x61 ./Core/Src/BL_Functions.o
 .debug_macro   0x000230d1       0x2a ./Core/Src/BL_Functions.o
 .debug_macro   0x000230fb       0x43 ./Core/Src/BL_Functions.o
 .debug_macro   0x0002313e       0x34 ./Core/Src/BL_Functions.o
 .debug_macro   0x00023172      0x370 ./Core/Src/BL_Functions.o
 .debug_macro   0x000234e2       0x16 ./Core/Src/BL_Functions.o
 .debug_macro   0x000234f8       0x4a ./Core/Src/BL_Functions.o
 .debug_macro   0x00023542       0x34 ./Core/Src/BL_Functions.o
 .debug_macro   0x00023576       0x10 ./Core/Src/BL_Functions.o
 .debug_macro   0x00023586       0x58 ./Core/Src/BL_Functions.o
 .debug_macro   0x000235de       0x8e ./Core/Src/BL_Functions.o
 .debug_macro   0x0002366c       0x1c ./Core/Src/BL_Functions.o
 .debug_macro   0x00023688      0x185 ./Core/Src/BL_Functions.o
 .debug_macro   0x0002380d       0x10 ./Core/Src/BL_Functions.o
 .debug_macro   0x0002381d       0x3c ./Core/Src/BL_Functions.o
 .debug_macro   0x00023859       0x20 ./Core/Src/BL_Functions.o
 .debug_macro   0x00023879       0x28 ./Core/Src/BL_Functions.o
 .debug_macro   0x000238a1       0x52 ./Core/Src/BL_Functions.o
 .debug_macro   0x000238f3       0x58 ./Core/Src/BL_Functions.o
 .debug_macro   0x0002394b       0x16 ./Core/Src/BL_Functions.o
 .debug_macro   0x00023961      0x186 ./Core/Src/Cyptology_Control.o
 .debug_macro   0x00023ae7       0x16 ./Core/Src/Cyptology_Control.o
 .debug_macro   0x00023afd       0x56 ./Core/Src/Cyptology_Control.o
 .debug_macro   0x00023b53      0x1d8 ./Core/Src/flash_driver_stm32f7.o
 .debug_macro   0x00023d2b      0x1eb ./Core/Src/jump_to_app.o
 .debug_macro   0x00023f16       0x6d ./Core/Src/keys.o
 .debug_macro   0x00023f83      0x347 ./Core/Src/main.o
 .debug_macro   0x000242ca       0x34 ./Core/Src/main.o
 .debug_macro   0x000242fe      0x1d8 ./Core/Src/stm32f7xx_hal_msp.o
 .debug_macro   0x000244d6      0x1e2 ./Core/Src/stm32f7xx_it.o
 .debug_macro   0x000246b8      0x1ce ./Core/Src/system_stm32f7xx.o
 .debug_macro   0x00024886      0x1e7 ./Core/Src/tiny_printf.o
 .debug_macro   0x00024a6d      0x1f2 ./Drivers/STM32F7xx_HAL_Driver/Src/stm32f7xx_hal.o
 .debug_macro   0x00024c5f      0x1ce ./Drivers/STM32F7xx_HAL_Driver/Src/stm32f7xx_hal_cortex.o
 .debug_macro   0x00024e2d      0x1da ./Drivers/STM32F7xx_HAL_Driver/Src/stm32f7xx_hal_flash.o
 .debug_macro   0x00025007      0x1da ./Drivers/STM32F7xx_HAL_Driver/Src/stm32f7xx_hal_flash_ex.o
 .debug_macro   0x000251e1      0x1d4 ./Drivers/STM32F7xx_HAL_Driver/Src/stm32f7xx_hal_gpio.o
 .debug_macro   0x000253b5      0x1f2 ./Drivers/STM32F7xx_HAL_Driver/Src/stm32f7xx_hal_rcc.o
 .debug_macro   0x000255a7      0x1ce ./Drivers/STM32F7xx_HAL_Driver/Src/stm32f7xx_hal_rcc_ex.o
 .debug_macro   0x00025775      0x1eb ./Drivers/STM32F7xx_HAL_Driver/Src/stm32f7xx_hal_uart.o
 .debug_macro   0x00025960      0x189 ./Libs/tinycrypt/Src/aes_decrypt.o
 .debug_macro   0x00025ae9       0x22 ./Libs/tinycrypt/Src/aes_decrypt.o
 .debug_macro   0x00025b0b       0x22 ./Libs/tinycrypt/Src/aes_decrypt.o
 .debug_macro   0x00025b2d       0x1c ./Libs/tinycrypt/Src/aes_decrypt.o
 .debug_macro   0x00025b49      0x17d ./Libs/tinycrypt/Src/aes_encrypt.o
 .debug_macro   0x00025cc6       0x16 ./Libs/tinycrypt/Src/aes_encrypt.o
 .debug_macro   0x00025cdc      0x155 ./Libs/tinycrypt/Src/ecc.o
 .debug_macro   0x00025e31       0x50 ./Libs/tinycrypt/Src/ecc.o
 .debug_macro   0x00025e81       0x10 ./Libs/tinycrypt/Src/ecc.o
 .debug_macro   0x00025e91       0x98 ./Libs/tinycrypt/Src/ecc_dsa.o
 .debug_macro   0x00025f29      0x199 ./Libs/tinycrypt/Src/sha256.o
 .debug_macro   0x000260c2      0x162 ./Libs/tinycrypt/Src/utils.o

.debug_line     0x00000000    0x11d51
 .debug_line    0x00000000      0xde6 ./Core/Src/BL_Functions.o
 .debug_line    0x00000de6      0x71b ./Core/Src/Cyptology_Control.o
 .debug_line    0x00001501      0x8b5 ./Core/Src/flash_driver_stm32f7.o
 .debug_line    0x00001db6      0x7df ./Core/Src/jump_to_app.o
 .debug_line    0x00002595      0x410 ./Core/Src/keys.o
 .debug_line    0x000029a5      0xcb9 ./Core/Src/main.o
 .debug_line    0x0000365e      0x7bd ./Core/Src/stm32f7xx_hal_msp.o
 .debug_line    0x00003e1b      0x7f7 ./Core/Src/stm32f7xx_it.o
 .debug_line    0x00004612      0x7bc ./Core/Src/system_stm32f7xx.o
 .debug_line    0x00004dce      0x8a6 ./Core/Src/tiny_printf.o
 .debug_line    0x00005674       0x7a ./Core/Startup/startup_stm32f746nghx.o
 .debug_line    0x000056ee      0xa6f ./Drivers/STM32F7xx_HAL_Driver/Src/stm32f7xx_hal.o
 .debug_line    0x0000615d      0xcef ./Drivers/STM32F7xx_HAL_Driver/Src/stm32f7xx_hal_cortex.o
 .debug_line    0x00006e4c      0xb46 ./Drivers/STM32F7xx_HAL_Driver/Src/stm32f7xx_hal_flash.o
 .debug_line    0x00007992      0xb6d ./Drivers/STM32F7xx_HAL_Driver/Src/stm32f7xx_hal_flash_ex.o
 .debug_line    0x000084ff      0xbc9 ./Drivers/STM32F7xx_HAL_Driver/Src/stm32f7xx_hal_gpio.o
 .debug_line    0x000090c8      0xf62 ./Drivers/STM32F7xx_HAL_Driver/Src/stm32f7xx_hal_rcc.o
 .debug_line    0x0000a02a      0xea0 ./Drivers/STM32F7xx_HAL_Driver/Src/stm32f7xx_hal_rcc_ex.o
 .debug_line    0x0000aeca     0x2caa ./Drivers/STM32F7xx_HAL_Driver/Src/stm32f7xx_hal_uart.o
 .debug_line    0x0000db74      0xb62 ./Libs/tinycrypt/Src/aes_decrypt.o
 .debug_line    0x0000e6d6      0xa39 ./Libs/tinycrypt/Src/aes_encrypt.o
 .debug_line    0x0000f10f     0x1352 ./Libs/tinycrypt/Src/ecc.o
 .debug_line    0x00010461      0x843 ./Libs/tinycrypt/Src/ecc_dsa.o
 .debug_line    0x00010ca4      0xa0c ./Libs/tinycrypt/Src/sha256.o
 .debug_line    0x000116b0      0x6a1 ./Libs/tinycrypt/Src/utils.o

.debug_str      0x00000000    0xe6fcb
 .debug_str     0x00000000    0xe6fcb ./Core/Src/BL_Functions.o
                              0xe39fb (size before relaxing)
 .debug_str     0x000e6fcb        0x0 ./Core/Src/Cyptology_Control.o
                               0x7a9c (size before relaxing)
 .debug_str     0x000e6fcb        0x0 ./Core/Src/flash_driver_stm32f7.o
                              0xe00b7 (size before relaxing)
 .debug_str     0x000e6fcb        0x0 ./Core/Src/jump_to_app.o
                              0xe027c (size before relaxing)
 .debug_str     0x000e6fcb        0x0 ./Core/Src/keys.o
                               0x3e05 (size before relaxing)
 .debug_str     0x000e6fcb        0x0 ./Core/Src/main.o
                              0xe45a0 (size before relaxing)
 .debug_str     0x000e6fcb        0x0 ./Core/Src/stm32f7xx_hal_msp.o
                              0xe07d5 (size before relaxing)
 .debug_str     0x000e6fcb        0x0 ./Core/Src/stm32f7xx_it.o
                              0xdff1b (size before relaxing)
 .debug_str     0x000e6fcb        0x0 ./Core/Src/system_stm32f7xx.o
                              0xe012b (size before relaxing)
 .debug_str     0x000e6fcb        0x0 ./Core/Src/tiny_printf.o
                              0xe0566 (size before relaxing)
 .debug_str     0x000e6fcb        0x0 ./Core/Startup/startup_stm32f746nghx.o
                                 0xb4 (size before relaxing)
 .debug_str     0x000e6fcb        0x0 ./Drivers/STM32F7xx_HAL_Driver/Src/stm32f7xx_hal.o
                              0xe0a94 (size before relaxing)
 .debug_str     0x000e6fcb        0x0 ./Drivers/STM32F7xx_HAL_Driver/Src/stm32f7xx_hal_cortex.o
                              0xe0ab1 (size before relaxing)
 .debug_str     0x000e6fcb        0x0 ./Drivers/STM32F7xx_HAL_Driver/Src/stm32f7xx_hal_flash.o
                              0xe024e (size before relaxing)
 .debug_str     0x000e6fcb        0x0 ./Drivers/STM32F7xx_HAL_Driver/Src/stm32f7xx_hal_flash_ex.o
                              0xe02eb (size before relaxing)
 .debug_str     0x000e6fcb        0x0 ./Drivers/STM32F7xx_HAL_Driver/Src/stm32f7xx_hal_gpio.o
                              0xe01e9 (size before relaxing)
 .debug_str     0x000e6fcb        0x0 ./Drivers/STM32F7xx_HAL_Driver/Src/stm32f7xx_hal_rcc.o
                              0xe048d (size before relaxing)
 .debug_str     0x000e6fcb        0x0 ./Drivers/STM32F7xx_HAL_Driver/Src/stm32f7xx_hal_rcc_ex.o
                              0xe03c5 (size before relaxing)
 .debug_str     0x000e6fcb        0x0 ./Drivers/STM32F7xx_HAL_Driver/Src/stm32f7xx_hal_uart.o
                              0xe0dda (size before relaxing)
 .debug_str     0x000e6fcb        0x0 ./Libs/tinycrypt/Src/aes_decrypt.o
                               0x7628 (size before relaxing)
 .debug_str     0x000e6fcb        0x0 ./Libs/tinycrypt/Src/aes_encrypt.o
                               0x75b3 (size before relaxing)
 .debug_str     0x000e6fcb        0x0 ./Libs/tinycrypt/Src/ecc.o
                               0x7ac6 (size before relaxing)
 .debug_str     0x000e6fcb        0x0 ./Libs/tinycrypt/Src/ecc_dsa.o
                               0x43cb (size before relaxing)
 .debug_str     0x000e6fcb        0x0 ./Libs/tinycrypt/Src/sha256.o
                               0x7688 (size before relaxing)
 .debug_str     0x000e6fcb        0x0 ./Libs/tinycrypt/Src/utils.o
                               0x7474 (size before relaxing)

.comment        0x00000000       0x43
 .comment       0x00000000       0x43 ./Core/Src/BL_Functions.o
                                 0x44 (size before relaxing)
 .comment       0x00000043        0x0 ./Core/Src/Cyptology_Control.o
                                 0x44 (size before relaxing)
 .comment       0x00000043        0x0 ./Core/Src/flash_driver_stm32f7.o
                                 0x44 (size before relaxing)
 .comment       0x00000043        0x0 ./Core/Src/jump_to_app.o
                                 0x44 (size before relaxing)
 .comment       0x00000043        0x0 ./Core/Src/keys.o
                                 0x44 (size before relaxing)
 .comment       0x00000043        0x0 ./Core/Src/main.o
                                 0x44 (size before relaxing)
 .comment       0x00000043        0x0 ./Core/Src/stm32f7xx_hal_msp.o
                                 0x44 (size before relaxing)
 .comment       0x00000043        0x0 ./Core/Src/stm32f7xx_it.o
                                 0x44 (size before relaxing)
 .comment       0x00000043        0x0 ./Core/Src/system_stm32f7xx.o
                                 0x44 (size before relaxing)
 .comment       0x00000043        0x0 ./Core/Src/tiny_printf.o
                                 0x44 (size before relaxing)
 .comment       0x00000043        0x0 ./Drivers/STM32F7xx_HAL_Driver/Src/stm32f7xx_hal.o
                                 0x44 (size before relaxing)
 .comment       0x00000043        0x0 ./Drivers/STM32F7xx_HAL_Driver/Src/stm32f7xx_hal_cortex.o
                                 0x44 (size before relaxing)
 .comment       0x00000043        0x0 ./Drivers/STM32F7xx_HAL_Driver/Src/stm32f7xx_hal_flash.o
                                 0x44 (size before relaxing)
 .comment       0x00000043        0x0 ./Drivers/STM32F7xx_HAL_Driver/Src/stm32f7xx_hal_flash_ex.o
                                 0x44 (size before relaxing)
 .comment       0x00000043        0x0 ./Drivers/STM32F7xx_HAL_Driver/Src/stm32f7xx_hal_gpio.o
                                 0x44 (size before relaxing)
 .comment       0x00000043        0x0 ./Drivers/STM32F7xx_HAL_Driver/Src/stm32f7xx_hal_rcc.o
                                 0x44 (size before relaxing)
 .comment       0x00000043        0x0 ./Drivers/STM32F7xx_HAL_Driver/Src/stm32f7xx_hal_rcc_ex.o
                                 0x44 (size before relaxing)
 .comment       0x00000043        0x0 ./Drivers/STM32F7xx_HAL_Driver/Src/stm32f7xx_hal_uart.o
                                 0x44 (size before relaxing)
 .comment       0x00000043        0x0 ./Libs/tinycrypt/Src/aes_decrypt.o
                                 0x44 (size before relaxing)
 .comment       0x00000043        0x0 ./Libs/tinycrypt/Src/aes_encrypt.o
                                 0x44 (size before relaxing)
 .comment       0x00000043        0x0 ./Libs/tinycrypt/Src/ecc.o
                                 0x44 (size before relaxing)
 .comment       0x00000043        0x0 ./Libs/tinycrypt/Src/ecc_dsa.o
                                 0x44 (size before relaxing)
 .comment       0x00000043        0x0 ./Libs/tinycrypt/Src/sha256.o
                                 0x44 (size before relaxing)
 .comment       0x00000043        0x0 ./Libs/tinycrypt/Src/utils.o
                                 0x44 (size before relaxing)

.debug_frame    0x00000000     0x2f54
 .debug_frame   0x00000000      0x154 ./Core/Src/BL_Functions.o
 .debug_frame   0x00000154       0x64 ./Core/Src/Cyptology_Control.o
 .debug_frame   0x000001b8       0xdc ./Core/Src/flash_driver_stm32f7.o
 .debug_frame   0x00000294       0x34 ./Core/Src/jump_to_app.o
 .debug_frame   0x000002c8      0x144 ./Core/Src/main.o
 .debug_frame   0x0000040c       0x84 ./Core/Src/stm32f7xx_hal_msp.o
 .debug_frame   0x00000490      0x104 ./Core/Src/stm32f7xx_it.o
 .debug_frame   0x00000594       0x58 ./Core/Src/system_stm32f7xx.o
 .debug_frame   0x000005ec      0x108 ./Core/Src/tiny_printf.o
 .debug_frame   0x000006f4      0x3b4 ./Drivers/STM32F7xx_HAL_Driver/Src/stm32f7xx_hal.o
 .debug_frame   0x00000aa8      0x4e8 ./Drivers/STM32F7xx_HAL_Driver/Src/stm32f7xx_hal_cortex.o
 .debug_frame   0x00000f90      0x274 ./Drivers/STM32F7xx_HAL_Driver/Src/stm32f7xx_hal_flash.o
 .debug_frame   0x00001204      0x284 ./Drivers/STM32F7xx_HAL_Driver/Src/stm32f7xx_hal_flash_ex.o
 .debug_frame   0x00001488      0x14c ./Drivers/STM32F7xx_HAL_Driver/Src/stm32f7xx_hal_gpio.o
 .debug_frame   0x000015d4      0x1f8 ./Drivers/STM32F7xx_HAL_Driver/Src/stm32f7xx_hal_rcc.o
 .debug_frame   0x000017cc      0x118 ./Drivers/STM32F7xx_HAL_Driver/Src/stm32f7xx_hal_rcc_ex.o
 .debug_frame   0x000018e4      0x9e8 ./Drivers/STM32F7xx_HAL_Driver/Src/stm32f7xx_hal_uart.o
 .debug_frame   0x000022cc      0x11c ./Libs/tinycrypt/Src/aes_decrypt.o
 .debug_frame   0x000023e8      0x144 ./Libs/tinycrypt/Src/aes_encrypt.o
 .debug_frame   0x0000252c      0x6d0 ./Libs/tinycrypt/Src/ecc.o
 .debug_frame   0x00002bfc       0xdc ./Libs/tinycrypt/Src/ecc_dsa.o
 .debug_frame   0x00002cd8      0x100 ./Libs/tinycrypt/Src/sha256.o
 .debug_frame   0x00002dd8       0xa8 ./Libs/tinycrypt/Src/utils.o
 .debug_frame   0x00002e80       0x20 C:/ST/STM32CubeIDE_1.19.0/STM32CubeIDE/plugins/com.st.stm32cube.ide.mcu.externaltools.gnu-tools-for-stm32.13.3.rel1.win32_1.0.100.202509120712/tools/bin/../lib/gcc/arm-none-eabi/13.3.1/../../../../arm-none-eabi/lib/thumb/v7e-m+fp/hard\libc_nano.a(libc_a-memset.o)
 .debug_frame   0x00002ea0       0x2c C:/ST/STM32CubeIDE_1.19.0/STM32CubeIDE/plugins/com.st.stm32cube.ide.mcu.externaltools.gnu-tools-for-stm32.13.3.rel1.win32_1.0.100.202509120712/tools/bin/../lib/gcc/arm-none-eabi/13.3.1/../../../../arm-none-eabi/lib/thumb/v7e-m+fp/hard\libc_nano.a(libc_a-init.o)
 .debug_frame   0x00002ecc       0x28 C:/ST/STM32CubeIDE_1.19.0/STM32CubeIDE/plugins/com.st.stm32cube.ide.mcu.externaltools.gnu-tools-for-stm32.13.3.rel1.win32_1.0.100.202509120712/tools/bin/../lib/gcc/arm-none-eabi/13.3.1/../../../../arm-none-eabi/lib/thumb/v7e-m+fp/hard\libc_nano.a(libc_a-memcpy-stub.o)
 .debug_frame   0x00002ef4       0x2c C:/ST/STM32CubeIDE_1.19.0/STM32CubeIDE/plugins/com.st.stm32cube.ide.mcu.externaltools.gnu-tools-for-stm32.13.3.rel1.win32_1.0.100.202509120712/tools/bin/../lib/gcc/arm-none-eabi/13.3.1/thumb/v7e-m+fp/hard\libgcc.a(_aeabi_uldivmod.o)
 .debug_frame   0x00002f20       0x34 C:/ST/STM32CubeIDE_1.19.0/STM32CubeIDE/plugins/com.st.stm32cube.ide.mcu.externaltools.gnu-tools-for-stm32.13.3.rel1.win32_1.0.100.202509120712/tools/bin/../lib/gcc/arm-none-eabi/13.3.1/thumb/v7e-m+fp/hard\libgcc.a(_udivmoddi4.o)

.debug_line_str
                0x00000000       0x98
 .debug_line_str
                0x00000000       0x98 ./Core/Startup/startup_stm32f746nghx.o
