../Core/Src/Drivers/system_driver_stm32f7.c:18:6:System_Interface_Init	8	static
../Core/Src/Drivers/system_driver_stm32f7.c:27:6:System_Interface_Reset	8	static
../Core/Src/Drivers/system_driver_stm32f7.c:31:6:System_Interface_Delay	16	static
../Core/Src/Drivers/system_driver_stm32f7.c:35:9:System_Interface_ReadUserButton	8	static
../Core/Src/Drivers/system_driver_stm32f7.c:39:6:System_Interface_ToggleHeartbeatLed	8	static
../Core/Src/Drivers/system_driver_stm32f7.c:42:10:System_Interface_GetTick	8	static
../Core/Src/Drivers/system_driver_stm32f7.c:46:6:Error_Handler	8	static,ignoring_inline_asm
../Core/Src/Drivers/system_driver_stm32f7.c:59:6:SystemClock_Config	88	static
../Core/Src/Drivers/system_driver_stm32f7.c:100:6:System_Interface_Error_Handler	8	static
../Core/Src/Drivers/system_driver_stm32f7.c:124:13:MX_GPIO_Init	40	static
../Core/Src/Drivers/system_driver_stm32f7.c:162:13:MX_USART1_UART_Init	8	static
../Core/Src/Drivers/system_driver_stm32f7.c:193:6:MPU_Config	24	static
